 dinput8

 Timestamp is 6a94df94 (Sun Aug 30 18:57:40 2026)

 Preferred load address is 10000000

 Start         Length     Name                   Class
 0001:00000000 00013e58H .text$mn                CODE
 0001:00013e58 000000bbH .text$x                 CODE
 0002:00000000 0000014cH .idata$5                DATA
 0002:0000014c 00000008H .00cfg                  DATA
 0002:00000154 00000004H .CRT$XCA                DATA
 0002:00000158 00000004H .CRT$XCZ                DATA
 0002:0000015c 00000004H .CRT$XIA                DATA
 0002:00000160 0000000cH .CRT$XIC                DATA
 0002:0000016c 00000004H .CRT$XIZ                DATA
 0002:00000170 00000004H .CRT$XPA                DATA
 0002:00000174 00000008H .CRT$XPX                DATA
 0002:0000017c 00000004H .CRT$XPXA               DATA
 0002:00000180 00000004H .CRT$XPZ                DATA
 0002:00000184 00000004H .CRT$XTA                DATA
 0002:00000188 00000008H .CRT$XTZ                DATA
 0002:0000018c 00000000H .gfids$y                DATA
 0002:00000190 00005db0H .rdata                  DATA
 0002:00005f40 00000000H .rdata$CastGuardVftablesA DATA
 0002:00005f40 00000000H .rdata$CastGuardVftablesC DATA
 0002:00005f40 000000dcH .rdata$r                DATA
 0002:0000601c 00000028H .rdata$sxdata           DATA
 0002:00006044 00000150H .rdata$voltmd           DATA
 0002:00006194 0000029cH .rdata$zzzdbg           DATA
 0002:00006430 00000004H .rtc$IAA                DATA
 0002:00006434 00000004H .rtc$IZZ                DATA
 0002:00006438 00000004H .rtc$TAA                DATA
 0002:0000643c 00000004H .rtc$TZZ                DATA
 0002:00006440 000005d0H .xdata$x                DATA
 0002:00006a10 00000054H .edata                  DATA
 0002:00006a64 00000028H .idata$2                DATA
 0002:00006a8c 00000014H .idata$3                DATA
 0002:00006aa0 0000014cH .idata$4                DATA
 0002:00006bec 000005f4H .idata$6                DATA
 0003:00000000 000008c0H .data                   DATA
 0003:000008c0 0000003cH .data$r                 DATA
 0003:000008fc 0000001cH .data$rs                DATA
 0003:00000918 00137bc0H .bss                    DATA

  Address         Publics by Value              Rva+Base       Lib:Object

 0000:00000000       ___AbsoluteZero            00000000     <absolute>
 0000:00000000       ___arm64x_extra_rfe_table  00000000     <absolute>
 0000:00000000       ___arm64x_extra_rfe_table_size 00000000     <absolute>
 0000:00000000       ___arm64x_native_entrypoint 00000000     <absolute>
 0000:00000000       ___arm64x_redirection_metadata 00000000     <absolute>
 0000:00000000       ___arm64x_redirection_metadata_count 00000000     <absolute>
 0000:00000000       ___dynamic_value_reloc_table 00000000     <absolute>
 0000:00000000       ___enclave_config          00000000     <absolute>
 0000:00000000       ___guard_check_icall_a64n_fptr 00000000     <absolute>
 0000:00000000       ___guard_eh_cont_count     00000000     <absolute>
 0000:00000000       ___guard_eh_cont_table     00000000     <absolute>
 0000:00000000       ___guard_fids_count        00000000     <absolute>
 0000:00000000       ___guard_fids_table        00000000     <absolute>
 0000:00000000       ___guard_iat_count         00000000     <absolute>
 0000:00000000       ___guard_iat_table         00000000     <absolute>
 0000:00000000       ___guard_longjmp_count     00000000     <absolute>
 0000:00000000       ___guard_longjmp_table     00000000     <absolute>
 0000:00000000       ___hybrid_auxiliary_iat    00000000     <absolute>
 0000:00000000       ___hybrid_auxiliary_iat_copy 00000000     <absolute>
 0000:00000000       ___hybrid_code_map         00000000     <absolute>
 0000:00000000       ___hybrid_code_map_count   00000000     <absolute>
 0000:00000000       ___x64_code_ranges_to_entry_points 00000000     <absolute>
 0000:00000000       ___x64_code_ranges_to_entry_points_count 00000000     <absolute>
 0000:00000000       __except_list              00000000     <absolute>
 0000:0000000a       ___safe_se_handler_count   0000000a     <absolute>
 0000:00000100       ___guard_flags             00000100     <absolute>
 0000:00000000       ___ImageBase               10000000     <linker-defined>
 0001:00000260       _DirectInput8Create@20     10001260 f   bfme60fps_time_scheduler.obj
 0001:00000370       _DllMain@12                10001370 f   bfme60fps_time_scheduler.obj
 0001:00000380       ___local_stdio_printf_options 10001380 f i bfme60fps_time_scheduler.obj
 0001:00000390       __snprintf                 10001390 f i bfme60fps_time_scheduler.obj
 0001:00002c0b       ___raise_securityfailure   10003c0b f   LIBCMT:gs_report.obj
 0001:00002c33       ___report_gsfailure        10003c33 f   LIBCMT:gs_report.obj
 0001:00002d2d       ___report_rangecheckfailure 10003d2d f   LIBCMT:gs_report.obj
 0001:00002d39       ___report_securityfailure  10003d39 f   LIBCMT:gs_report.obj
 0001:00002e08       @__security_check_cookie@4 10003e08 f   LIBCMT:secchk.obj
 0001:00002e20       __dtol3                    10003e20 f   LIBCMT:ftol3.obj
 0001:00002ed0       __ltod3                    10003ed0 f   LIBCMT:ftol3.obj
 0001:00003251       __DllMainCRTStartup@12     10004251 f   LIBCMT:dll_dllmain.obj
 0001:00003274       ___isa_available_init      10004274 f   LIBCMT:cpu_disp.obj
 0001:00003495       ___security_init_cookie    10004495 f   LIBCMT:gs_support.obj
 0001:000034e0       ?__scrt_initialize_type_info@@YAXXZ 100044e0 f   LIBCMT:tncleanup.obj
 0001:000034ec       ?__scrt_uninitialize_type_info@@YAXXZ 100044ec f   LIBCMT:tncleanup.obj
 0001:000034f8       ___local_stdio_scanf_options 100044f8 f i LIBCMT:default_local_stdio_options.obj
 0001:000034fe       ___scrt_initialize_default_local_stdio_options 100044fe f   LIBCMT:default_local_stdio_options.obj
 0001:0000355f       ___scrt_acquire_startup_lock 1000455f f   LIBCMT:utility.obj
 0001:00003591       ___scrt_dllmain_after_initialize_c 10004591 f   LIBCMT:utility.obj
 0001:000035bc       ___scrt_dllmain_before_initialize_c 100045bc f   LIBCMT:utility.obj
 0001:000035ca       ___scrt_dllmain_crt_thread_attach 100045ca f   LIBCMT:utility.obj
 0001:000035e9       ___scrt_dllmain_crt_thread_detach 100045e9 f   LIBCMT:utility.obj
 0001:000035f6       ___scrt_dllmain_exception_filter 100045f6 f   LIBCMT:utility.obj
 0001:0000362a       ___scrt_dllmain_uninitialize_c 1000462a f   LIBCMT:utility.obj
 0001:0000364d       ___scrt_dllmain_uninitialize_critical 1000464d f   LIBCMT:utility.obj
 0001:0000365a       ___scrt_initialize_crt     1000465a f   LIBCMT:utility.obj
 0001:00003693       ___scrt_initialize_onexit_tables 10004693 f   LIBCMT:utility.obj
 0001:0000371a       ___scrt_is_nonwritable_in_current_image 1000471a f   LIBCMT:utility.obj
 0001:000037ae       ___scrt_release_startup_lock 100047ae f   LIBCMT:utility.obj
 0001:000037cb       ___scrt_uninitialize_crt   100047cb f   LIBCMT:utility.obj
 0001:000037f3       ___scrt_get_dyn_tls_init_callback 100047f3 f   LIBCMT:dyn_tls_init.obj
 0001:000037f9       ___scrt_fastfail           100047f9 f   LIBCMT:utility_desktop.obj
 0001:00003914       __crt_debugger_hook        10004914 f   LIBCMT:utility_desktop.obj
 0001:0000391c       __RTC_Initialize           1000491c f   LIBCMT:initsect.obj
 0001:00003948       __RTC_Terminate            10004948 f   LIBCMT:initsect.obj
 0001:00003980       __SEH_prolog4              10004980 f   LIBCMT:sehprolg4.obj
 0001:000039c5       @_guard_check_icall_nop@4  100049c5 f i LIBCMT:guard_support.obj
 0001:000039c8       __get_startup_argv_mode    100049c8 f   LIBCMT:argv_mode.obj
 0001:000039cc       ___scrt_is_ucrt_dll_in_use 100049cc f   LIBCMT:ucrt_detection.obj
 0001:000039e0       _memset                    100049e0 f   libvcruntime:memset.obj
 0001:00003b80       __except_handler4          10004b80 f   libvcruntime:chandler4.obj
 0001:00003cde       ___std_type_info_compare   10004cde f   libvcruntime:std_type_info.obj
 0001:00003d1a       ___std_type_info_destroy_list 10004d1a f   libvcruntime:std_type_info.obj
 0001:00003d3d       ___vcrt_initialize         10004d3d f   libvcruntime:initialization.obj
 0001:00003d5c       ___vcrt_thread_attach      10004d5c f   libvcruntime:initialization.obj
 0001:00003d67       ___vcrt_thread_detach      10004d67 f   libvcruntime:initialization.obj
 0001:00003d72       ___vcrt_uninitialize       10004d72 f   libvcruntime:initialization.obj
 0001:00003d89       ___vcrt_uninitialize_critical 10004d89 f   libvcruntime:initialization.obj
 0001:00003d91       ___DestructExceptionObject 10004d91 f   libvcruntime:ehhelpers.obj
 0001:00003e32       ?_CallMemberFunction0@@YGXQAX0@Z 10004e32 f i libvcruntime:ehhelpers.obj
 0001:00003e97       __IsExceptionObjectToBeDestroyed 10004e97 f   libvcruntime:ehhelpers.obj
 0001:00003ebd       ___AdjustPointer           10004ebd f   libvcruntime:ehhelpers.obj
 0001:00003ee2       ___FrameUnwindFilter       10004ee2 f   libvcruntime:ehhelpers.obj
 0001:00003f38       ___std_terminate           10004f38 f   libvcruntime:ehhelpers.obj
 0001:00003f40       __local_unwind4            10004f40 f   libvcruntime:exsup4.obj
 0001:00004030       @_EH4_CallFilterFunc@8     10005030 f   libvcruntime:exsup4.obj
 0001:00004050       @_EH4_TransferToHandler@8  10005050 f   libvcruntime:exsup4.obj
 0001:00004070       @_EH4_GlobalUnwind2@8      10005070 f   libvcruntime:exsup4.obj
 0001:00004090       @_EH4_LocalUnwind@16       10005090 f   libvcruntime:exsup4.obj
 0001:000040a7       ___except_validate_context_record 100050a7 f   libvcruntime:jbcxrval.obj
 0001:000040d7       ___vcrt_freefls@4          100050d7 f   libvcruntime:per_thread_data.obj
 0001:000040f3       ___vcrt_freeptd            100050f3 f   libvcruntime:per_thread_data.obj
 0001:00004129       ___vcrt_getptd             10005129 f   libvcruntime:per_thread_data.obj
 0001:00004137       ___vcrt_getptd_noexit      10005137 f   libvcruntime:per_thread_data.obj
 0001:000041c9       ___vcrt_initialize_ptd     100051c9 f   libvcruntime:per_thread_data.obj
 0001:000041fc       ___vcrt_uninitialize_ptd   100051fc f   libvcruntime:per_thread_data.obj
 0001:00004217       ___vcrt_initialize_locks   10005217 f   libvcruntime:locks.obj
 0001:00004253       ___vcrt_uninitialize_locks 10005253 f   libvcruntime:locks.obj
 0001:00004290       __NLG_Notify1              10005290 f   libvcruntime:exsup.obj
 0001:000042a0       __NLG_Notify               100052a0 f   libvcruntime:exsup.obj
 0001:000042b7       __NLG_Dispatch             100052b7     libvcruntime:exsup.obj
 0001:000042b7       __NLG_Dispatch2            100052b7     libvcruntime:exsup.obj
 0001:000042c0       __NLG_Call                 100052c0 f   libvcruntime:exsup.obj
 0001:000042c2       __NLG_Return2              100052c2     libvcruntime:exsup.obj
 0001:000042c3       ?GetRangeOfTrysToCheck@__FrameHandler3@@SA?AU?$pair@Viterator@TryBlockMap@__FrameHandler3@@V123@@std@@AAVTryBlockMap@1@HPAXPBU_s_FuncInfo@@H@Z 100052c3 f   libvcruntime:trnsctrl.obj
 0001:00004333       ?_CallCatchBlock2@@YAPAXPAUEHRegistrationNode@@PBU_s_FuncInfo@@PAXHK@Z 10005333 f   libvcruntime:trnsctrl.obj
 0001:00004390       ?_CallSETranslator@@YAHPAUEHExceptionRecord@@PAUEHRegistrationNode@@PAX2PBU_s_FuncInfo@@H1@Z 10005390 f   libvcruntime:trnsctrl.obj
 0001:00004486       ?_JumpToContinuation@@YGXPAXPAUEHRegistrationNode@@@Z 10005486 f   libvcruntime:trnsctrl.obj
 0001:000044b6       ?_UnwindNestedFrames@@YGXPAUEHRegistrationNode@@PAUEHExceptionRecord@@@Z 100054b6 f   libvcruntime:trnsctrl.obj
 0001:00004509       __CatchGuardHandler        10005509 f   libvcruntime:trnsctrl.obj
 0001:0000453a       __CreateFrameInfo          1000553a f   libvcruntime:trnsctrl.obj
 0001:0000455e       __FindAndUnlinkFrame       1000555e f   libvcruntime:trnsctrl.obj
 0001:000045a6       __TranslatorGuardHandler   100055a6 f   libvcruntime:trnsctrl.obj
 0001:00004643       ___CxxFrameHandler3        10005643 f   libvcruntime:trnsctrl.obj
 0001:00004680       _memcpy                    10005680 f   libvcruntime:memcpy.obj
 0001:00004680       _memmove                   10005680 f   libvcruntime:memmove.obj
 0001:00004cdf       ___vcrt_FlsAlloc           10005cdf f   libvcruntime:winapi_downlevel.obj
 0001:00004d1a       ___vcrt_FlsFree            10005d1a f   libvcruntime:winapi_downlevel.obj
 0001:00004d55       ___vcrt_FlsGetValue        10005d55 f   libvcruntime:winapi_downlevel.obj
 0001:00004d90       ___vcrt_FlsSetValue        10005d90 f   libvcruntime:winapi_downlevel.obj
 0001:00004dce       ___vcrt_InitializeCriticalSectionEx 10005dce f   libvcruntime:winapi_downlevel.obj
 0001:00005547       ??$TypeMatchHelper@V__FrameHandler3@@@@YAHPBU_s_HandlerType@@PBU_s_CatchableType@@PBU_s_ThrowInfo@@@Z 10006547 f i libvcruntime:frame.obj
 0001:000055d5       ??$__InternalCxxFrameHandler@V__FrameHandler3@@@@YA?AW4_EXCEPTION_DISPOSITION@@PAUEHExceptionRecord@@PAUEHRegistrationNode@@PAU_CONTEXT@@PAXPBU_s_FuncInfo@@H1E@Z 100065d5 f i libvcruntime:frame.obj
 0001:000056d7       ??$__InternalCxxFrameHandlerWrapper@V__FrameHandler3@@@@YA?AW4_EXCEPTION_DISPOSITION@@PAUEHExceptionRecord@@PAUEHRegistrationNode@@PAU_CONTEXT@@PAXPBU_s_FuncInfo@@H1E@Z 100066d7 f i libvcruntime:frame.obj
 0001:000056e0       ??0bad_exception@std@@QAE@ABV01@@Z 100066e0 f i libvcruntime:frame.obj
 0001:000056fb       ??0bad_exception@std@@QAE@XZ 100066fb f i libvcruntime:frame.obj
 0001:00005713       ??0exception@std@@QAE@ABV01@@Z 10006713 f i libvcruntime:frame.obj
 0001:0000573f       ??1bad_exception@std@@UAE@XZ 1000673f f i libvcruntime:frame.obj
 0001:00005750       ??8type_info@@QBE_NABV0@@Z 10006750 f i libvcruntime:frame.obj
 0001:0000576f       ??_Ebad_exception@std@@UAEPAXI@Z 1000676f f i libvcruntime:frame.obj
 0001:0000576f       ??_Eexception@std@@UAEPAXI@Z 1000676f f i libvcruntime:frame.obj
 0001:0000576f       ??_Gbad_exception@std@@UAEPAXI@Z 1000676f f i libvcruntime:frame.obj
 0001:0000576f       ??_Gexception@std@@UAEPAXI@Z 1000676f f i libvcruntime:frame.obj
 0001:000059f4       ?FrameUnwindToEmptyState@__FrameHandler3@@SAXPAUEHRegistrationNode@@PAXPBU_s_FuncInfo@@@Z 100069f4 f   libvcruntime:frame.obj
 0001:00005a0c       ?FrameUnwindToState@__FrameHandler3@@SAXPAUEHRegistrationNode@@PAXPBU_s_FuncInfo@@H@Z 10006a0c f   libvcruntime:frame.obj
 0001:00005b8e       ?_CallMemberFunction1@@YGXQAX00@Z 10006b8e f i libvcruntime:frame.obj
 0001:00005b9e       ?_CallMemberFunction2@@YGXQAX00H@Z 10006b9e f i libvcruntime:frame.obj
 0001:00005bb1       ?getESTypes@__FrameHandler3@@SAPBU_s_ESTypeList@@PBU_s_FuncInfo@@@Z 10006bb1 f i libvcruntime:frame.obj
 0001:00005bbc       ?what@exception@std@@UBEPBDXZ 10006bbc f i libvcruntime:frame.obj
 0001:00005bd0       __CallSettingFrame@12      10006bd0 f   libvcruntime:lowhelpr.obj
 0001:00005bf7       __NLG_Return               10006bf7     libvcruntime:lowhelpr.obj
 0001:00005c1c       _unexpected                10006c1c f   libvcruntime:unexpected.obj
 0001:00005c39       ?GetCurrentState@__FrameHandler3@@SAHPAUEHRegistrationNode@@PAXPBU_s_FuncInfo@@@Z 10006c39 f   libvcruntime:ehstate.obj
 0001:00005c56       ?SetState@__FrameHandler3@@SAXPAUEHRegistrationNode@@PBU_s_FuncInfo@@H@Z 10006c56 f   libvcruntime:ehstate.obj
 0001:00005c64       ___std_exception_copy      10006c64 f   libvcruntime:std_exception.obj
 0001:00005cc7       ___std_exception_destroy   10006cc7 f   libvcruntime:std_exception.obj
 0001:00005ce6       __CxxThrowException@8      10006ce6 f   libvcruntime:throw.obj
 0001:00005ed4       ??$count@D@formatting_buffer@__crt_stdio_output@@QBEIXZ 10006ed4 f i libucrt:output.obj
 0001:00005eec       ??$ensure_buffer_is_big_enough@D@formatting_buffer@__crt_stdio_output@@QAE_NIAAV__crt_cached_ptd_host@@@Z 10006eec f i libucrt:output.obj
 0001:00005f6d       ??$is_overflow_condition@K@__crt_strtox@@YA_NIK@Z 10006f6d f i libucrt:output.obj
 0001:00005f9e       ??$is_wide_character_specifier@D@__crt_stdio_output@@YA_N_KDW4length_modifier@0@@Z 10006f9e f i libucrt:output.obj
 0001:00005fcf       ??$parse_integer@KV?$c_string_character_source@D@__crt_strtox@@$0A@@__crt_strtox@@YAKAAV__crt_cached_ptd_host@@V?$c_string_character_source@D@0@H_N@Z 10006fcf f i libucrt:output.obj
 0001:000061de       ??$scratch_data@D@formatting_buffer@__crt_stdio_output@@QAEPADXZ 100071de f i libucrt:output.obj
 0001:000061fc       ??$type_case_integer@$07@?$output_processor@DV?$string_output_adapter@D@__crt_stdio_output@@V?$standard_base@DV?$string_output_adapter@D@__crt_stdio_output@@@2@@__crt_stdio_output@@AAE_N_N@Z 100071fc f i libucrt:output.obj
 0001:00006379       ??$type_case_integer@$09@?$output_processor@DV?$string_output_adapter@D@__crt_stdio_output@@V?$standard_base@DV?$string_output_adapter@D@__crt_stdio_output@@@2@@__crt_stdio_output@@AAE_N_N@Z 10007379 f i libucrt:output.obj
 0001:000064f6       ??$type_case_integer@$0BA@@?$output_processor@DV?$string_output_adapter@D@__crt_stdio_output@@V?$standard_base@DV?$string_output_adapter@D@__crt_stdio_output@@@2@@__crt_stdio_output@@AAE_N_N@Z 100074f6 f i libucrt:output.obj
 0001:00006673       ??$type_case_integer_parse_into_buffer@I$07@?$output_processor@DV?$string_output_adapter@D@__crt_stdio_output@@V?$standard_base@DV?$string_output_adapter@D@__crt_stdio_output@@@2@@__crt_stdio_output@@AAEXI_N@Z 10007673 f i libucrt:output.obj
 0001:000066dd       ??$type_case_integer_parse_into_buffer@I$09@?$output_processor@DV?$string_output_adapter@D@__crt_stdio_output@@V?$standard_base@DV?$string_output_adapter@D@__crt_stdio_output@@@2@@__crt_stdio_output@@AAEXI_N@Z 100076dd f i libucrt:output.obj
 0001:00006757       ??$type_case_integer_parse_into_buffer@I$0BA@@?$output_processor@DV?$string_output_adapter@D@__crt_stdio_output@@V?$standard_base@DV?$string_output_adapter@D@__crt_stdio_output@@@2@@__crt_stdio_output@@AAEXI_N@Z 10007757 f i libucrt:output.obj
 0001:000067df       ??$type_case_integer_parse_into_buffer@_K$07@?$output_processor@DV?$string_output_adapter@D@__crt_stdio_output@@V?$standard_base@DV?$string_output_adapter@D@__crt_stdio_output@@@2@@__crt_stdio_output@@AAEX_K_N@Z 100077df f i libucrt:output.obj
 0001:00006857       ??$type_case_integer_parse_into_buffer@_K$09@?$output_processor@DV?$string_output_adapter@D@__crt_stdio_output@@V?$standard_base@DV?$string_output_adapter@D@__crt_stdio_output@@@2@@__crt_stdio_output@@AAEX_K_N@Z 10007857 f i libucrt:output.obj
 0001:000068f3       ??$type_case_integer_parse_into_buffer@_K$0BA@@?$output_processor@DV?$string_output_adapter@D@__crt_stdio_output@@V?$standard_base@DV?$string_output_adapter@D@__crt_stdio_output@@@2@@__crt_stdio_output@@AAEX_K_N@Z 100078f3 f i libucrt:output.obj
 0001:00006985       ??0?$output_adapter_data@DV?$string_output_adapter@D@__crt_stdio_output@@@__crt_stdio_output@@IAE@ABV?$string_output_adapter@D@1@_KQBDAAV__crt_cached_ptd_host@@QAD@Z 10007985 f i libucrt:output.obj
 0001:000069f0       ??0__crt_cached_ptd_host@@QAE@QAU__crt_locale_pointers@@@Z 100079f0 f i libucrt:output.obj
 0001:00006a50       ??1__crt_cached_ptd_host@@QAE@XZ 10007a50 f i libucrt:output.obj
 0001:00006a8c       ??1formatting_buffer@__crt_stdio_output@@QAE@XZ 10007a8c f i libucrt:output.obj
 0001:00006aa6       ??4?$__crt_unique_heap_ptr@DU__crt_internal_free_policy@@@@QAEAAV0@$$QAV0@@Z 10007aa6 f i libucrt:output.obj
 0001:00006aca       ?crop_zeroes@__crt_stdio_output@@YAXPADQAU__crt_locale_pointers@@@Z 10007aca f i libucrt:output.obj
 0001:00006b2a       ?find_next_state@?$output_processor@DV?$string_output_adapter@D@__crt_stdio_output@@V?$standard_base@DV?$string_output_adapter@D@__crt_stdio_output@@@2@@__crt_stdio_output@@ABE?AW4state@2@DW432@@Z 10007b2a f i libucrt:output.obj
 0001:00006b65       ?force_decimal_point@__crt_stdio_output@@YAXPADQAU__crt_locale_pointers@@@Z 10007b65 f i libucrt:output.obj
 0001:00006bd0       ?force_synchronize_per_thread_data@__crt_cached_ptd_host@@AAEPAU__acrt_ptd@@XZ 10007bd0 f i libucrt:output.obj
 0001:00006c20       ?get_raw_ptd@__crt_cached_ptd_host@@QAEPAU__acrt_ptd@@XZ 10007c20 f i libucrt:output.obj
 0001:00006c7c       ?parse_int_from_format_string@?$output_processor@DV?$string_output_adapter@D@__crt_stdio_output@@V?$standard_base@DV?$string_output_adapter@D@__crt_stdio_output@@@2@@__crt_stdio_output@@AAE_NQAH@Z 10007c7c f i libucrt:output.obj
 0001:00006cf4       ?process@?$output_processor@DV?$string_output_adapter@D@__crt_stdio_output@@V?$standard_base@DV?$string_output_adapter@D@__crt_stdio_output@@@2@@__crt_stdio_output@@QAEHXZ 10007cf4 f i libucrt:output.obj
 0001:00006fc8       ?state_case_size@?$output_processor@DV?$string_output_adapter@D@__crt_stdio_output@@V?$standard_base@DV?$string_output_adapter@D@__crt_stdio_output@@@2@@__crt_stdio_output@@AAE_NXZ 10007fc8 f i libucrt:output.obj
 0001:00007126       ?state_case_type@?$output_processor@DV?$string_output_adapter@D@__crt_stdio_output@@V?$standard_base@DV?$string_output_adapter@D@__crt_stdio_output@@@2@@__crt_stdio_output@@AAE_NXZ 10008126 f i libucrt:output.obj
 0001:000074b4       ?to_integer_size@__crt_stdio_output@@YAIW4length_modifier@1@@Z 100084b4 f i libucrt:output.obj
 0001:00007508       ?type_case_Z@?$output_processor@DV?$string_output_adapter@D@__crt_stdio_output@@V?$standard_base@DV?$string_output_adapter@D@__crt_stdio_output@@@2@@__crt_stdio_output@@AAE_NXZ 10008508 f i libucrt:output.obj
 0001:00007562       ?type_case_a@?$output_processor@DV?$string_output_adapter@D@__crt_stdio_output@@V?$standard_base@DV?$string_output_adapter@D@__crt_stdio_output@@@2@@__crt_stdio_output@@AAE_NXZ 10008562 f i libucrt:output.obj
 0001:000076ec       ?type_case_c_tchar@?$output_processor@DV?$string_output_adapter@D@__crt_stdio_output@@V?$standard_base@DV?$string_output_adapter@D@__crt_stdio_output@@@2@@__crt_stdio_output@@AAE_ND@Z 100086ec f i libucrt:output.obj
 0001:00007781       ?type_case_n@?$output_processor@DV?$string_output_adapter@D@__crt_stdio_output@@V?$standard_base@DV?$string_output_adapter@D@__crt_stdio_output@@@2@@__crt_stdio_output@@AAE_NXZ 10008781 f i libucrt:output.obj
 0001:00007805       ?type_case_o@?$output_processor@DV?$string_output_adapter@D@__crt_stdio_output@@V?$standard_base@DV?$string_output_adapter@D@__crt_stdio_output@@@2@@__crt_stdio_output@@AAE_NXZ 10008805 f i libucrt:output.obj
 0001:00007822       ?type_case_p@?$output_processor@DV?$string_output_adapter@D@__crt_stdio_output@@V?$standard_base@DV?$string_output_adapter@D@__crt_stdio_output@@@2@@__crt_stdio_output@@AAE_NXZ 10008822 f i libucrt:output.obj
 0001:00007838       ?type_case_s@?$output_processor@DV?$string_output_adapter@D@__crt_stdio_output@@V?$standard_base@DV?$string_output_adapter@D@__crt_stdio_output@@@2@@__crt_stdio_output@@AAE_NXZ 10008838 f i libucrt:output.obj
 0001:000078a9       ?unget@?$c_string_character_source@D@__crt_strtox@@QAEXD@Z 100088a9 f i libucrt:output.obj
 0001:000078e0       ?update_locale_slow@__crt_cached_ptd_host@@AAEXXZ 100088e0 f i libucrt:output.obj
 0001:0000793b       ?validate@?$c_string_character_source@D@__crt_strtox@@QBE_NXZ 1000893b f i libucrt:output.obj
 0001:00007956       ?validate@?$string_output_adapter@D@__crt_stdio_output@@QBE_NAAV__crt_cached_ptd_host@@@Z 10008956 f i libucrt:output.obj
 0001:00007987       ?write_string@?$string_output_adapter@D@__crt_stdio_output@@QBEXQBDHQAHAAV__crt_cached_ptd_host@@@Z 10008987 f i libucrt:output.obj
 0001:000079ee       ___acrt_locale_get_ctype_array_value 100089ee f i libucrt:output.obj
 0001:00007a10       ___stdio_common_vsprintf   10008a10 f   libucrt:output.obj
 0001:00007a51       __errcode                  10008a51 f   libucrt:fpexcept.obj
 0001:00007a85       __except1                  10008a85 f   libucrt:fpexcept.obj
 0001:00007b53       __handle_exc               10008b53 f   libucrt:fpexcept.obj
 0001:00007dcc       __raise_exc                10008dcc f   libucrt:fpexcept.obj
 0001:00007def       __raise_exc_ex             10008def f   libucrt:fpexcept.obj
 0001:000080e5       __set_errno_from_matherr   100090e5 f   libucrt:fpexcept.obj
 0001:00008114       __umatherr                 10009114 f   libucrt:fpexcept.obj
 0001:000081b4       __initterm                 100091b4 f   libucrt:initterm.obj
 0001:000081df       __initterm_e               100091df f   libucrt:initterm.obj
 0001:0000820d       __seh_filter_dll           1000920d f   libucrt:exception_filter.obj
 0001:0000822d       __seh_filter_exe           1000922d f   libucrt:exception_filter.obj
 0001:0000865a       ___acrt_initialize_thread_local_exit_callback 1000965a f   libucrt:exit.obj
 0001:00008669       __cexit                    10009669 f   libucrt:exit.obj
 0001:00008678       __exit                     10009678 f   libucrt:exit.obj
 0001:0000868e       __is_c_termination_complete 1000968e f   libucrt:exit.obj
 0001:00008946       ___acrt_allocate_buffer_for_argv 10009946 f   libucrt:argv_parsing.obj
 0001:00008995       __configure_narrow_argv    10009995 f   libucrt:argv_parsing.obj
 0001:00008b41       ___dcrt_uninitialize_environments_nolock 10009b41 f   libucrt:environment_initialization.obj
 0001:00008b92       __initialize_narrow_environment 10009b92 f   libucrt:environment_initialization.obj
 0001:00008ccc       __execute_onexit_table     10009ccc f   libucrt:onexit.obj
 0001:00008d0a       __initialize_onexit_table  10009d0a f   libucrt:onexit.obj
 0001:00008d83       ___acrt_uninitialize_command_line 10009d83 f   libucrt:argv_data.obj
 0001:00008e03       ??$__crt_fast_encode_pointer@PAX@@YAPAXQAX@Z 10009e03 f i libucrt:initialization.obj
 0001:00008e50       ___acrt_initialize         10009e50 f   libucrt:initialization.obj
 0001:00008e62       ___acrt_thread_attach      10009e62 f   libucrt:initialization.obj
 0001:00008e6d       ___acrt_thread_detach      10009e6d f   libucrt:initialization.obj
 0001:00008e75       ___acrt_uninitialize       10009e75 f   libucrt:initialization.obj
 0001:00008ea5       ___acrt_uninitialize_critical 10009ea5 f   libucrt:initialization.obj
 0001:00008eb7       _terminate                 10009eb7 f   libucrt:terminate.obj
 0001:00008ef3       _free                      10009ef3 f   libucrt:free.obj
 0001:00008f0e       _malloc                    10009f0e f   libucrt:malloc.obj
 0001:00008f19       _strcpy_s                  10009f19 f   libucrt:strcpy_s.obj
 0001:00008f73       _abort                     10009f73 f   libucrt:abort.obj
 0001:00008fc0       _strncmp                   10009fc0 f   libucrt:strncmp.obj
 0001:00009038       _calloc                    1000a038 f   libucrt:calloc.obj
 0001:00009043       _wcsncmp                   1000a043 f   libucrt:wcsncmp.obj
 0001:0000907d       ?check_synchronize_global_state_index@__crt_cached_ptd_host@@AAEIXZ 1000a07d f i libucrt:invalid_parameter.obj
 0001:000090a6       ___acrt_call_reportfault   1000a0a6 f   libucrt:invalid_parameter.obj
 0001:000091df       ___acrt_initialize_invalid_parameter_handler 1000a1df f   libucrt:invalid_parameter.obj
 0001:000091ee       __invalid_parameter        1000a1ee f   libucrt:invalid_parameter.obj
 0001:00009225       __invalid_parameter_internal 1000a225 f   libucrt:invalid_parameter.obj
 0001:000092a2       __invalid_parameter_noinfo 1000a2a2 f   libucrt:invalid_parameter.obj
 0001:000092b2       __invoke_watson            1000a2b2 f   libucrt:invalid_parameter.obj
 0001:000092e6       ___acrt_errno_from_os_error 1000a2e6 f   libucrt:errno.obj
 0001:00009329       ___acrt_errno_map_os_error 1000a329 f   libucrt:errno.obj
 0001:0000934c       ___acrt_errno_map_os_error_ptd 1000a34c f   libucrt:errno.obj
 0001:00009370       ___doserrno                1000a370 f   libucrt:errno.obj
 0001:00009383       __errno                    1000a383 f   libucrt:errno.obj
 0001:00009396       __free_base                1000a396 f   libucrt:free_base.obj
 0001:000093d0       __malloc_base              1000a3d0 f   libucrt:malloc_base.obj
 0001:0000941e       _strnlen                   1000a41e f   libucrt:strnlen.obj
 0001:00009540       _wcsnlen                   1000a540 f   libucrt:strnlen.obj
 0001:000096f0       ___acrt_update_locale_info 1000a6f0 f   libucrt:locale_update.obj
 0001:0000971d       ___acrt_update_locale_info_explicit 1000a71d f   libucrt:locale_update.obj
 0001:0000974e       ___acrt_update_multibyte_info 1000a74e f   libucrt:locale_update.obj
 0001:0000977b       ___acrt_update_multibyte_info_explicit 1000a77b f   libucrt:locale_update.obj
 0001:000097ac       ?__acrt_fp_classify@@YA?AW4__acrt_fp_class@@ABN@Z 1000a7ac f i libucrt:cvt.obj
 0001:0000a175       ___acrt_fp_format          1000b175 f   libucrt:cvt.obj
 0001:0000a2f6       __wctomb_internal          1000b2f6 f   libucrt:wctomb.obj
 0001:0000a460       __mbtowc_internal          1000b460 f   libucrt:mbtowc.obj
 0001:0000a593       __fileno                   1000b593 f   libucrt:fileno.obj
 0001:0000a5ba       ___acrt_initialize_stdio   1000b5ba f   libucrt:_file.obj
 0001:0000a682       ___acrt_uninitialize_stdio 1000b682 f   libucrt:_file.obj
 0001:0000a6ce       __lock_file                1000b6ce f   libucrt:_file.obj
 0001:0000a6e2       __unlock_file              1000b6e2 f   libucrt:_file.obj
 0001:0000a6f6       __get_printf_count_output  1000b6f6 f   libucrt:printf_count_output.obj
 0001:0000aa49       ___acrt_freeptd            1000ba49 f   libucrt:per_thread_data.obj
 0001:0000aa75       ___acrt_getptd             1000ba75 f   libucrt:per_thread_data.obj
 0001:0000ab30       ___acrt_getptd_head        1000bb30 f   libucrt:per_thread_data.obj
 0001:0000abc6       ___acrt_getptd_noexit      1000bbc6 f   libucrt:per_thread_data.obj
 0001:0000ac77       ___acrt_getptd_noexit_explicit 1000bc77 f   libucrt:per_thread_data.obj
 0001:0000ad1a       ___acrt_initialize_ptd     1000bd1a f   libucrt:per_thread_data.obj
 0001:0000ad46       ___acrt_uninitialize_ptd   1000bd46 f   libucrt:per_thread_data.obj
 0001:0000adce       ___acrt_set_locale_changed 1000bdce f   libucrt:wsetlocale.obj
 0001:0000add9       ___acrt_uninitialize_locale 1000bdd9 f   libucrt:wsetlocale.obj
 0001:0000af66       ___acrt_initialize_lowio   1000bf66 f   libucrt:ioinit.obj
 0001:0000afc6       ___acrt_uninitialize_lowio 1000bfc6 f   libucrt:ioinit.obj
 0001:0000aff2       ___acrt_has_user_matherr   1000bff2 f   libucrt:matherr.obj
 0001:0000b00a       ___acrt_initialize_user_matherr 1000c00a f   libucrt:matherr.obj
 0001:0000b019       ___acrt_invoke_user_matherr 1000c019 f   libucrt:matherr.obj
 0001:0000b04b       _fegetround                1000c04b f   libucrt:fegetround.obj
 0001:0000b058       __decomp                   1000c058 f   libucrt:util.obj
 0001:0000b12a       __set_exp                  1000c12a f   libucrt:util.obj
 0001:0000b157       __sptype                   1000c157 f   libucrt:util.obj
 0001:0000b1b5       ___set_fpsr_sse2           1000c1b5 f   libucrt:fpctrl.obj
 0001:0000b235       __clrfp                    1000c235 f   libucrt:fpctrl.obj
 0001:0000b246       __ctrlfp                   1000c246 f   libucrt:fpctrl.obj
 0001:0000b270       __set_statfp               1000c270 f   libucrt:fpctrl.obj
 0001:0000b2c9       __statfp                   1000c2c9 f   libucrt:fpctrl.obj
 0001:0000b2d9       ___acrt_initialize_locks   1000c2d9 f   libucrt:locks.obj
 0001:0000b31a       ___acrt_lock               1000c31a f   libucrt:locks.obj
 0001:0000b331       ___acrt_uninitialize_locks 1000c331 f   libucrt:locks.obj
 0001:0000b362       ___acrt_unlock             1000c362 f   libucrt:locks.obj
 0001:0000b379       ___acrt_get_process_end_policy 1000c379 f   libucrt:win_policies.obj
 0001:0000b3aa       __calloc_base              1000c3aa f   libucrt:calloc_base.obj
 0001:0000b41f       ??$__acrt_convert_wcs_mbs_cp@D_WV<lambda_62f6974d9771e494a5ea317cc32e971c>@@U__crt_win32_buffer_internal_dynamic_resizing@@@@YAHQBDAAV?$__crt_win32_buffer@_WU__crt_win32_buffer_internal_dynamic_resizing@@@@ABV<lambda_62f6974d9771e494a5ea317cc32e971c>@@I@Z 1000c41f f i libucrt:argv_wildcards.obj
 0001:0000b4d1       ??$__acrt_convert_wcs_mbs_cp@_WDV<lambda_28bda7af82a03b66c1cb3803a755f95d>@@U__crt_win32_buffer_internal_dynamic_resizing@@@@YAHQB_WAAV?$__crt_win32_buffer@DU__crt_win32_buffer_internal_dynamic_resizing@@@@ABV<lambda_28bda7af82a03b66c1cb3803a755f95d>@@I@Z 1000c4d1 f i libucrt:argv_wildcards.obj
 0001:0000b597       ??$__acrt_mbs_to_wcs_cp@U__crt_win32_buffer_internal_dynamic_resizing@@@@YAHQBDAAV?$__crt_win32_buffer@_WU__crt_win32_buffer_internal_dynamic_resizing@@@@I@Z 1000c597 f i libucrt:argv_wildcards.obj
 0001:0000ba67       ??0_LocaleUpdate@@QAE@QAU__crt_locale_pointers@@@Z 1000ca67 f i libucrt:argv_wildcards.obj
 0001:0000bb12       ??R<lambda_0fec1a7b3f42a53036604e18c2d5e07e>@@QBEHIQB_WQADI@Z 1000cb12 f i libucrt:getmodulefilenamea.obj
 0001:0000bb12       ??R<lambda_28bda7af82a03b66c1cb3803a755f95d>@@QBEHIQB_WQADI@Z 1000cb12 f i libucrt:argv_wildcards.obj
 0001:0000bb36       ?__acrt_get_utf8_acp_compatibility_codepage@@YAIXZ 1000cb36 f i libucrt:argv_wildcards.obj
 0001:0000bb75       ?_deallocate@?$__crt_win32_buffer@DU__crt_win32_buffer_internal_dynamic_resizing@@@@AAEXXZ 1000cb75 f i libucrt:argv_wildcards.obj
 0001:0000bb75       ?_deallocate@?$__crt_win32_buffer@_WU__crt_win32_buffer_internal_dynamic_resizing@@@@AAEXXZ 1000cb75 f i libucrt:argv_wildcards.obj
 0001:0000bb8f       ?allocate@?$__crt_win32_buffer@DU__crt_win32_buffer_internal_dynamic_resizing@@@@QAEHI@Z 1000cb8f f i libucrt:argv_wildcards.obj
 0001:0000bbcb       ?allocate@?$__crt_win32_buffer@_WU__crt_win32_buffer_internal_dynamic_resizing@@@@QAEHI@Z 1000cbcb f i libucrt:argv_wildcards.obj
 0001:0000bc0a       ?allocate@__crt_win32_buffer_internal_dynamic_resizing@@SAHQAPAXIABV__crt_win32_buffer_empty_debug_info@@@Z 1000cc0a f i libucrt:argv_wildcards.obj
 0001:0000bcb0       ___acrt_expand_narrow_argv_wildcards 1000ccb0 f   libucrt:argv_wildcards.obj
 0001:0000bcbb       ??$__acrt_convert_wcs_mbs_cp@_WDV<lambda_0fec1a7b3f42a53036604e18c2d5e07e>@@U__crt_win32_buffer_no_resizing@@@@YAHQB_WAAV?$__crt_win32_buffer@DU__crt_win32_buffer_no_resizing@@@@ABV<lambda_0fec1a7b3f42a53036604e18c2d5e07e>@@I@Z 1000ccbb f i libucrt:getmodulefilenamea.obj
 0001:0000bd7d       ?allocate@?$__crt_win32_buffer@DU__crt_win32_buffer_no_resizing@@@@QAEHI@Z 1000cd7d f i libucrt:getmodulefilenamea.obj
 0001:0000bda4       ?set_to_nullptr@?$__crt_win32_buffer@DU__crt_win32_buffer_no_resizing@@@@QAEXXZ 1000cda4 f i libucrt:getmodulefilenamea.obj
 0001:0000bdb8       ___acrt_GetModuleFileNameA 1000cdb8 f   libucrt:getmodulefilenamea.obj
 0001:0000c3dc       ___acrt_initialize_multibyte 1000d3dc f   libucrt:mbctype.obj
 0001:0000c424       ___acrt_update_thread_multibyte_data 1000d424 f   libucrt:mbctype.obj
 0001:0000c437       __setmbcp_nolock           1000d437 f   libucrt:mbctype.obj
 0001:0000c710       __ismbblead                1000d710 f   libucrt:ismbbyte.obj
 0001:0000c728       ___acrt_initialize_command_line 1000d728 f   libucrt:argv_data.obj
 0001:0000c741       ___acrt_MultiByteToWideChar 1000d741 f   libucrt:multibytetowidechar.obj
 0001:0000c7bd       ___acrt_WideCharToMultiByte 1000d7bd f   libucrt:widechartomultibyte.obj
 0001:0000c8ab       ___dcrt_get_narrow_environment_from_os 1000d8ab f   libucrt:get_environment_from_os.obj
 0001:0000c94b       __recalloc_base            1000d94b f   libucrt:recalloc.obj
 0001:0000cb54       ___acrt_AppPolicyGetProcessTerminationMethodInternal@4 1000db54 f   libucrt:winapi_thunks.obj
 0001:0000cb94       ___acrt_AreFileApisANSI@0  1000db94 f   libucrt:winapi_thunks.obj
 0001:0000cbb3       ___acrt_FlsAlloc@4         1000dbb3 f   libucrt:winapi_thunks.obj
 0001:0000cbf2       ___acrt_FlsFree@4          1000dbf2 f   libucrt:winapi_thunks.obj
 0001:0000cc31       ___acrt_FlsGetValue@4      1000dc31 f   libucrt:winapi_thunks.obj
 0001:0000cc70       ___acrt_FlsSetValue@8      1000dc70 f   libucrt:winapi_thunks.obj
 0001:0000ccb2       ___acrt_InitializeCriticalSectionEx@12 1000dcb2 f   libucrt:winapi_thunks.obj
 0001:0000ccfd       ___acrt_LCMapStringEx@36   1000dcfd f   libucrt:winapi_thunks.obj
 0001:0000cd5a       ___acrt_LocaleNameToLCID@8 1000dd5a f   libucrt:winapi_thunks.obj
 0001:0000cd8b       ___acrt_initialize_winapi_thunks 1000dd8b f   libucrt:winapi_thunks.obj
 0001:0000cd9f       ___acrt_uninitialize_winapi_thunks 1000dd9f f   libucrt:winapi_thunks.obj
 0001:0000cdd5       ___acrt_initialize_heap    1000ddd5 f   libucrt:heap_handle.obj
 0001:0000cde6       ___acrt_uninitialize_heap  1000dde6 f   libucrt:heap_handle.obj
 0001:0000cdf0       ___acrt_execute_initializers 1000ddf0 f   libucrt:shared_initialization.obj
 0001:0000ce58       ___acrt_execute_uninitializers 1000de58 f   libucrt:shared_initialization.obj
 0001:0000ce89       ___acrt_initialize_new_handler 1000de89 f   libucrt:new_handler.obj
 0001:0000ce98       __callnewh                 1000de98 f   libucrt:new_handler.obj
 0001:0000cec5       __query_new_handler        1000dec5 f   libucrt:new_handler.obj
 0001:0000cfef       ___acrt_get_sigabrt_handler 1000dfef f   libucrt:signal.obj
 0001:0000d016       ___acrt_initialize_signal_handlers 1000e016 f   libucrt:signal.obj
 0001:0000d034       _raise                     1000e034 f   libucrt:signal.obj
 0001:0000d404       ___acrt_stdio_flush_nolock 1000e404 f   libucrt:fflush.obj
 0001:0000d46d       __fflush_nolock            1000e46d f   libucrt:fflush.obj
 0001:0000d4d2       __flushall                 1000e4d2 f   libucrt:fflush.obj
 0001:0000d4db       __query_new_mode           1000e4db f   libucrt:new_mode.obj
 0001:0000d4e2       ___acrt_add_locale_ref     1000e4e2 f   libucrt:locale_refcounting.obj
 0001:0000d55f       ___acrt_free_locale        1000e55f f   libucrt:locale_refcounting.obj
 0001:0000d6a7       ___acrt_locale_add_lc_time_reference 1000e6a7 f   libucrt:locale_refcounting.obj
 0001:0000d6d0       ___acrt_locale_free_lc_time_if_unreferenced 1000e6d0 f   libucrt:locale_refcounting.obj
 0001:0000d701       ___acrt_locale_release_lc_time_reference 1000e701 f   libucrt:locale_refcounting.obj
 0001:0000d72a       ___acrt_release_locale_ref 1000e72a f   libucrt:locale_refcounting.obj
 0001:0000d7ab       ___acrt_update_thread_locale_data 1000e7ab f   libucrt:locale_refcounting.obj
 0001:0000d82c       __updatetlocinfoEx_nolock  1000e82c f   libucrt:locale_refcounting.obj
 0001:0000d8fa       ___acrt_fp_strflt_to_string 1000e8fa f   libucrt:_fptostr.obj
 0001:0000da00       ?divide@__crt_strtox@@YA_KAAUbig_integer@1@ABU21@@Z 1000ea00 f i libucrt:cfout.obj
 0001:0000de88       ___acrt_fltout             1000ee88 f   libucrt:cfout.obj
 0001:0000f3c1       ?__c32rtomb_utf8@__crt_mbstring@@YAIPAD_UPAU_Mbstatet@@AAV__crt_cached_ptd_host@@@Z 100103c1 f   libucrt:c32rtomb.obj
 0001:0000f49d       ?__mbrtowc_utf8@__crt_mbstring@@YAIPA_WPBDIPAU_Mbstatet@@AAV__crt_cached_ptd_host@@@Z 1001049d f   libucrt:mbrtowc.obj
 0001:0000f4e0       ?__mbsrtowcs_utf8@__crt_mbstring@@YAIPA_WPAPBDIPAU_Mbstatet@@AAV__crt_cached_ptd_host@@@Z 100104e0 f   libucrt:mbrtowc.obj
 0001:0000f5e8       __fcloseall                100105e8 f   libucrt:closeall.obj
 0001:0000f693       ___acrt_stdio_free_buffer_nolock 10010693 f   libucrt:_freebuf.obj
 0001:0000f6d3       __isatty                   100106d3 f   libucrt:isatty.obj
 0001:0000f729       ___acrt_locale_free_monetary 10010729 f   libucrt:initmon.obj
 0001:0000f827       ___acrt_locale_free_numeric 10010827 f   libucrt:initnum.obj
 0001:0000f8b5       ___acrt_locale_free_time   100108b5 f   libucrt:inittime.obj
 0001:0000f999       ___acrt_GetStringTypeA     10010999 f   libucrt:getstringtypea.obj
 0001:0000faa2       __freea_crt                10010aa2 f i libucrt:getstringtypea.obj
 0001:0000fac2       ___acrt_lowio_create_handle_array 10010ac2 f   libucrt:osfinfo.obj
 0001:0000fb3d       ___acrt_lowio_destroy_handle_array 10010b3d f   libucrt:osfinfo.obj
 0001:0000fb72       ___acrt_lowio_ensure_fh_exists 10010b72 f   libucrt:osfinfo.obj
 0001:0000fc10       ___acrt_lowio_lock_fh      10010c10 f   libucrt:osfinfo.obj
 0001:0000fc33       ___acrt_lowio_unlock_fh    10010c33 f   libucrt:osfinfo.obj
 0001:0000fc56       __free_osfhnd              10010c56 f   libucrt:osfinfo.obj
 0001:0000fce7       __get_osfhandle            10010ce7 f   libucrt:osfinfo.obj
 0001:0001001a       ___acrt_fenv_get_common_round_control 1001101a f   libucrt:_fenvutils.obj
 0001:0001003c       ___acrt_fenv_get_control   1001103c f   libucrt:_fenvutils.obj
 0001:000100bc       ___acrt_fenv_get_status    100110bc f   libucrt:_fenvutils.obj
 0001:00010166       ___acrt_fenv_set_control   10011166 f   libucrt:_fenvutils.obj
 0001:000101e1       ___acrt_fenv_set_status    100111e1 f   libucrt:_fenvutils.obj
 0001:000102e0       _qsort                     100112e0 f   libucrt:qsort.obj
 0001:00010885       _strncpy_s                 10011885 f   libucrt:strncpy_s.obj
 0001:00010890       _strpbrk                   10011890 f   libucrt:strpbrk.obj
 0001:000108d0       __mbsdec                   100118d0 f   libucrt:mbsdec.obj
 0001:000108e7       __mbsdec_l                 100118e7 f   libucrt:mbsdec.obj
 0001:00010b62       ___acrt_LCMapStringA       10011b62 f   libucrt:lcmapstringa.obj
 0001:00010bba       __msize_base               10011bba f   libucrt:msize.obj
 0001:00010bed       __realloc_base             10011bed f   libucrt:realloc_base.obj
 0001:00010ca6       ___acrt_DownlevelLocaleNameToLCID 10011ca6 f   libucrt:lcidtoname_downlevel.obj
 0001:00010d74       __commit                   10011d74 f   libucrt:commit.obj
 0001:0001159f       __write_internal           1001259f f   libucrt:write.obj
 0001:000116a7       __write_nolock             100126a7 f   libucrt:write.obj
 0001:000118a7       __controlfp_s              100128a7 f   libucrt:contrlfp.obj
 0001:00011906       _fegetenv                  10012906 f   libucrt:fegetenv.obj
 0001:00011923       _fesetenv                  10012923 f   libucrt:fesetenv.obj
 0001:0001196e       _feholdexcept              1001296e f   libucrt:feholdexcept.obj
 0001:000119c0       __CIlog10                  100129c0 f   libucrt:log10_impl.obj
 0001:000119fb       __CIlog10_default          100129fb f   libucrt:log10_impl.obj
 0001:00011a0f       __log10_default            10012a0f     libucrt:log10_impl.obj
 0001:00011ad0       _ceil                      10012ad0 f   libucrt:ceil_pentium4.obj
 0001:00011b10       __ceil_pentium4            10012b10 f   libucrt:ceil_pentium4.obj
 0001:00011bed       ?reset_and_return@__crt_mbstring@@YAIIPAU_Mbstatet@@@Z 10012bed f   libucrt:common_utf8.obj
 0001:00011c01       ?return_illegal_sequence@__crt_mbstring@@YAIPAU_Mbstatet@@AAV__crt_cached_ptd_host@@@Z 10012c01 f   libucrt:common_utf8.obj
 0001:00011c23       ?__mbrtoc32_utf8@__crt_mbstring@@YAIPA_UPBDIPAU_Mbstatet@@AAV__crt_cached_ptd_host@@@Z 10012c23 f   libucrt:mbrtoc32.obj
 0001:00011f06       _fclose                    10012f06 f   libucrt:fclose.obj
 0001:00011fb9       __lseeki64_nolock_internal 10012fb9 f   libucrt:lseek.obj
 0001:00011fd7       ___ascii_wcsnicmp          10012fd7 f   libucrt:wcsnicmp.obj
 0001:00012026       __query_app_type           10013026 f   libucrt:report_runtime_error.obj
 0001:0001202c       ___strncnt                 1001302c f   libucrt:strncnt.obj
 0001:00012048       __putwch_nolock            10013048 f   libucrt:putwch.obj
 0001:00012121       __clearfp                  10013121 f   libucrt:ieee87.obj
 0001:000121ff       __control87                100131ff f   libucrt:ieee87.obj
 0001:0001259e       ___acrt_initialize_sse2    1001359e f   libucrt:mathfcns.obj
 0001:000125b0       __CIlog10_pentium4         100135b0 f   libucrt:log10_pentium4.obj
 0001:000125c8       __log10_pentium4           100135c8     libucrt:log10_pentium4.obj
 0001:00012860       __fFEXP                    10013860 f   libucrt:87tran.obj
 0001:000128b7       __rtinfpopse               100138b7     libucrt:87tran.obj
 0001:000128b9       __rtinfnpopse              100138b9     libucrt:87tran.obj
 0001:000128c9       __fFLN                     100138c9     libucrt:87tran.obj
 0001:0001297e       __rtinfpop                 1001397e     libucrt:87tran.obj
 0001:00012980       __rtinfnpop                10013980     libucrt:87tran.obj
 0001:00012990       __rtforexpinf              10013990 f   libucrt:87tran.obj
 0001:0001299d       __ffexpm1                  1001399d     libucrt:87tran.obj
 0001:00012a50       __trandisp1                10013a50 f   libucrt:87disp.obj
 0001:00012ac5       __trandisp2                10013ac5 f   libucrt:87disp.obj
 0001:00012b5f       __rttospopde               10013b5f     libucrt:87disp.obj
 0001:00012b64       __rttospop                 10013b64     libucrt:87disp.obj
 0001:00012b70       __rtnospop                 10013b70 f   libucrt:87disp.obj
 0001:00012b80       __rttosnpop                10013b80 f   libucrt:87disp.obj
 0001:00012b81       __rtnospopde               10013b81     libucrt:87disp.obj
 0001:00012b88       __rtzeropop                10013b88     libucrt:87disp.obj
 0001:00012b8a       __rtzeronpop               10013b8a     libucrt:87disp.obj
 0001:00012b90       __rtzerospop               10013b90 f   libucrt:87disp.obj
 0001:00012b9d       __rtonepop                 10013b9d     libucrt:87disp.obj
 0001:00012ba0       __rtonenpop                10013ba0 f   libucrt:87disp.obj
 0001:00012bb0       __tosnan1                  10013bb0 f   libucrt:87disp.obj
 0001:00012be0       __nosnan2                  10013be0 f   libucrt:87disp.obj
 0001:00012bf0       __tosnan2                  10013bf0 f   libucrt:87disp.obj
 0001:00012c20       __nan2                     10013c20 f   libucrt:87disp.obj
 0001:00012c60       __rtindfpop                10013c60 f   libucrt:87disp.obj
 0001:00012c62       __rtindfnpop               10013c62     libucrt:87disp.obj
 0001:00012c73       __rttosnpopde              10013c73     libucrt:87disp.obj
 0001:00012c80       __rtatan2inf               10013c80 f   libucrt:87disp.obj
 0001:00012c9d       __rtchsifneg               10013c9d     libucrt:87disp.obj
 0001:00012cb0       __twoToTOS                 10013cb0 f   libucrt:common.obj
 0001:00012cc5       __load_CW                  10013cc5 f   libucrt:common.obj
 0001:00012cdc       __convertTOStoQNaN         10013cdc f   libucrt:common.obj
 0001:00012cf5       __fload_withFB             10013cf5 f   libucrt:common.obj
 0001:00012d38       __checkTOS_withFB          10013d38 f   libucrt:common.obj
 0001:00012d4e       __fast_exit                10013d4e f   libucrt:common.obj
 0001:00012d5b       __math_exit                10013d5b f   libucrt:common.obj
 0001:00012d85       __check_overflow_exit      10013d85 f   libucrt:common.obj
 0001:00012d99       __check_range_exit         10013d99 f   libucrt:common.obj
 0001:00012e40       __startTwoArgErrorHandling 10013e40 f   libucrt:genexcep.obj
 0001:00012e57       __startOneArgErrorHandling 10013e57 f   libucrt:genexcep.obj
 0001:00012e93       ___libm_error_support      10013e93 f   libucrt:libm_error.obj
 0001:00013087       __ceil_default             10014087 f   libucrt:ceil.obj
 0001:000131cd       __close_internal           100141cd f   libucrt:close.obj
 0001:00013270       __close_nolock_internal    10014270 f   libucrt:close.obj
 0001:00013310       ?__acrt_stdio_free_stream@@YAXV__crt_stdio_stream@@@Z 10014310 f   libucrt:stream.obj
 0001:00013350       ___ascii_strnicmp          10014350 f   libucrt:_strnicm.obj
 0001:000133d0       ___dcrt_lowio_ensure_console_output_initialized 100143d0 f   libucrt:initcon.obj
 0001:000133ef       ___dcrt_terminate_console_output 100143ef f   libucrt:initcon.obj
 0001:00013406       ___dcrt_write_console      10014406 f   libucrt:initcon.obj
 0001:0001345b       __d_inttype                1001445b f   libucrt:powhlp.obj
 0001:000134c3       __powhlp                   100144c3 f   libucrt:powhlp.obj
 0001:000135ee       __87except                 100145ee f   libucrt:87except.obj
 0001:000136f8       __frnd                     100146f8 f   libucrt:frnd.obj
 0001:0001370c       __fpclass                  1001470c f   libucrt:ieeemisc.obj
 0001:000137b0       __FindPESection            100147b0 f   LIBCMT:pesect.obj
 0001:00013800       __IsNonwritableInCurrentImage 10014800 f   LIBCMT:pesect.obj
 0001:000138c0       __ValidateImageBase        100148c0 f   LIBCMT:pesect.obj
 0001:000138f1       ??_Etype_info@@UAEPAXI@Z   100148f1 f i LIBCMT:std_type_info_static.obj
 0001:000138f1       ??_Gtype_info@@UAEPAXI@Z   100148f1 f i LIBCMT:std_type_info_static.obj
 0001:00013914       __EH_epilog3               10014914 f   LIBCMT:ehprolg3.obj
 0001:00013928       __EH_prolog3               10014928 f   LIBCMT:ehprolg3.obj
 0001:0001395b       __EH_prolog3_catch         1001495b f   LIBCMT:ehprolg3.obj
 0001:000139a0       __aulldvrm                 100149a0 f   LIBCMT:ulldvrm.obj
 0001:00013a35       ??3@YAXPAXI@Z              10014a35 f   LIBCMT:delete_scalar_size.obj
 0001:00013a50       __allmul                   10014a50 f   LIBCMT:llmul.obj
 0001:00013a90       __alldvrm                  10014a90 f   LIBCMT:lldvrm.obj
 0001:00013b70       __allshl                   10014b70 f   LIBCMT:llshl.obj
 0001:00013b90       __aullshr                  10014b90 f   LIBCMT:ullshr.obj
 0001:00013bb0       __ftol2_sse                10014bb0 f   LIBCMT:ftol2.obj
 0001:00013bc0       __ftoi2                    10014bc0 f   LIBCMT:ftol2.obj
 0001:00013c40       __alloca_probe_16          10014c40 f   LIBCMT:alloca16.obj
 0001:00013c56       __alloca_probe_8           10014c56     LIBCMT:alloca16.obj
 0001:00013c70       __alloca_probe             10014c70 f   LIBCMT:chkstk.obj
 0001:00013c70       __chkstk                   10014c70 f   LIBCMT:chkstk.obj
 0001:00013c9b       ??3@YAXPAX@Z               10014c9b f   LIBCMT:delete_scalar.obj
 0001:00013ca0       _strrchr                   10014ca0 f   libvcruntime:strrchr.obj
 0001:00013de0       __filter_x86_sse2_floating_point_exception 10014de0 f   LIBCMT:x86_exception_filter.obj
 0001:00013de0       __filter_x86_sse2_floating_point_exception_default 10014de0 f   LIBCMT:x86_exception_filter.obj
 0002:00000000       __imp__EncodePointer@4     10015000     kernel32:KERNEL32.dll
 0002:00000004       __imp__CreateFileW@28      10015004     kernel32:KERNEL32.dll
 0002:00000008       __imp__CreateFileA@28      10015008     kernel32:KERNEL32.dll
 0002:0000000c       __imp__GetFileSize@8       1001500c     kernel32:KERNEL32.dll
 0002:00000010       __imp__SetFilePointer@16   10015010     kernel32:KERNEL32.dll
 0002:00000014       __imp__WriteFile@20        10015014     kernel32:KERNEL32.dll
 0002:00000018       __imp__CloseHandle@4       10015018     kernel32:KERNEL32.dll
 0002:0000001c       __imp__QueryPerformanceCounter@4 1001501c     kernel32:KERNEL32.dll
 0002:00000020       __imp__QueryPerformanceFrequency@4 10015020     kernel32:KERNEL32.dll
 0002:00000024       __imp__Sleep@4             10015024     kernel32:KERNEL32.dll
 0002:00000028       __imp__GetCurrentProcess@0 10015028     kernel32:KERNEL32.dll
 0002:0000002c       __imp__GetCurrentProcessId@0 1001502c     kernel32:KERNEL32.dll
 0002:00000030       __imp__CreateThread@24     10015030     kernel32:KERNEL32.dll
 0002:00000034       __imp__FlushInstructionCache@12 10015034     kernel32:KERNEL32.dll
 0002:00000038       __imp__GetTickCount@0      10015038     kernel32:KERNEL32.dll
 0002:0000003c       __imp__GetSystemDirectoryA@8 1001503c     kernel32:KERNEL32.dll
 0002:00000040       __imp__VirtualAlloc@16     10015040     kernel32:KERNEL32.dll
 0002:00000044       __imp__VirtualProtect@16   10015044     kernel32:KERNEL32.dll
 0002:00000048       __imp__GetModuleHandleA@4  10015048     kernel32:KERNEL32.dll
 0002:0000004c       __imp__GetProcAddress@8    1001504c     kernel32:KERNEL32.dll
 0002:00000050       __imp__LoadLibraryA@4      10015050     kernel32:KERNEL32.dll
 0002:00000054       __imp__lstrcatA@8          10015054     kernel32:KERNEL32.dll
 0002:00000058       __imp__UnhandledExceptionFilter@4 10015058     kernel32:KERNEL32.dll
 0002:0000005c       __imp__SetUnhandledExceptionFilter@4 1001505c     kernel32:KERNEL32.dll
 0002:00000060       __imp__TerminateProcess@8  10015060     kernel32:KERNEL32.dll
 0002:00000064       __imp__IsProcessorFeaturePresent@4 10015064     kernel32:KERNEL32.dll
 0002:00000068       __imp__GetCurrentThreadId@0 10015068     kernel32:KERNEL32.dll
 0002:0000006c       __imp__GetSystemTimeAsFileTime@4 1001506c     kernel32:KERNEL32.dll
 0002:00000070       __imp__InitializeSListHead@4 10015070     kernel32:KERNEL32.dll
 0002:00000074       __imp__IsDebuggerPresent@0 10015074     kernel32:KERNEL32.dll
 0002:00000078       __imp__GetStartupInfoW@4   10015078     kernel32:KERNEL32.dll
 0002:0000007c       __imp__GetModuleHandleW@4  1001507c     kernel32:KERNEL32.dll
 0002:00000080       __imp__DecodePointer@4     10015080     kernel32:KERNEL32.dll
 0002:00000084       __imp__InterlockedFlushSList@4 10015084     kernel32:KERNEL32.dll
 0002:00000088       __imp__RtlUnwind@16        10015088     kernel32:KERNEL32.dll
 0002:0000008c       __imp__GetLastError@0      1001508c     kernel32:KERNEL32.dll
 0002:00000090       __imp__SetLastError@4      10015090     kernel32:KERNEL32.dll
 0002:00000094       __imp__EnterCriticalSection@4 10015094     kernel32:KERNEL32.dll
 0002:00000098       __imp__LeaveCriticalSection@4 10015098     kernel32:KERNEL32.dll
 0002:0000009c       __imp__DeleteCriticalSection@4 1001509c     kernel32:KERNEL32.dll
 0002:000000a0       __imp__InitializeCriticalSectionAndSpinCount@8 100150a0     kernel32:KERNEL32.dll
 0002:000000a4       __imp__TlsAlloc@0          100150a4     kernel32:KERNEL32.dll
 0002:000000a8       __imp__TlsGetValue@4       100150a8     kernel32:KERNEL32.dll
 0002:000000ac       __imp__TlsSetValue@8       100150ac     kernel32:KERNEL32.dll
 0002:000000b0       __imp__TlsFree@4           100150b0     kernel32:KERNEL32.dll
 0002:000000b4       __imp__FreeLibrary@4       100150b4     kernel32:KERNEL32.dll
 0002:000000b8       __imp__LoadLibraryExW@12   100150b8     kernel32:KERNEL32.dll
 0002:000000bc       __imp__WriteConsoleW@20    100150bc     kernel32:KERNEL32.dll
 0002:000000c0       __imp__RaiseException@16   100150c0     kernel32:KERNEL32.dll
 0002:000000c4       __imp__ExitProcess@4       100150c4     kernel32:KERNEL32.dll
 0002:000000c8       __imp__GetModuleHandleExW@12 100150c8     kernel32:KERNEL32.dll
 0002:000000cc       __imp__GetModuleFileNameW@12 100150cc     kernel32:KERNEL32.dll
 0002:000000d0       __imp__HeapFree@12         100150d0     kernel32:KERNEL32.dll
 0002:000000d4       __imp__HeapAlloc@12        100150d4     kernel32:KERNEL32.dll
 0002:000000d8       __imp__GetStdHandle@4      100150d8     kernel32:KERNEL32.dll
 0002:000000dc       __imp__GetFileType@4       100150dc     kernel32:KERNEL32.dll
 0002:000000e0       __imp__FindClose@4         100150e0     kernel32:KERNEL32.dll
 0002:000000e4       __imp__FindFirstFileExW@24 100150e4     kernel32:KERNEL32.dll
 0002:000000e8       __imp__FindNextFileW@8     100150e8     kernel32:KERNEL32.dll
 0002:000000ec       __imp__IsValidCodePage@4   100150ec     kernel32:KERNEL32.dll
 0002:000000f0       __imp__GetACP@0            100150f0     kernel32:KERNEL32.dll
 0002:000000f4       __imp__GetOEMCP@0          100150f4     kernel32:KERNEL32.dll
 0002:000000f8       __imp__GetCPInfo@8         100150f8     kernel32:KERNEL32.dll
 0002:000000fc       __imp__GetCommandLineA@0   100150fc     kernel32:KERNEL32.dll
 0002:00000100       __imp__GetCommandLineW@0   10015100     kernel32:KERNEL32.dll
 0002:00000104       __imp__MultiByteToWideChar@24 10015104     kernel32:KERNEL32.dll
 0002:00000108       __imp__WideCharToMultiByte@32 10015108     kernel32:KERNEL32.dll
 0002:0000010c       __imp__GetEnvironmentStringsW@0 1001510c     kernel32:KERNEL32.dll
 0002:00000110       __imp__FreeEnvironmentStringsW@4 10015110     kernel32:KERNEL32.dll
 0002:00000114       __imp__LCMapStringW@24     10015114     kernel32:KERNEL32.dll
 0002:00000118       __imp__GetProcessHeap@0    10015118     kernel32:KERNEL32.dll
 0002:0000011c       __imp__SetFilePointerEx@20 1001511c     kernel32:KERNEL32.dll
 0002:00000120       __imp__GetStringTypeW@16   10015120     kernel32:KERNEL32.dll
 0002:00000124       __imp__SetStdHandle@8      10015124     kernel32:KERNEL32.dll
 0002:00000128       __imp__HeapSize@12         10015128     kernel32:KERNEL32.dll
 0002:0000012c       __imp__HeapReAlloc@16      1001512c     kernel32:KERNEL32.dll
 0002:00000130       __imp__FlushFileBuffers@4  10015130     kernel32:KERNEL32.dll
 0002:00000134       __imp__GetConsoleOutputCP@0 10015134     kernel32:KERNEL32.dll
 0002:00000138       __imp__GetConsoleMode@8    10015138     kernel32:KERNEL32.dll
 0002:0000013c       \177KERNEL32_NULL_THUNK_DATA 1001513c     kernel32:KERNEL32.dll
 0002:00000140       __imp__GetWindowThreadProcessId@8 10015140     user32:USER32.dll
 0002:00000144       __imp__GetForegroundWindow@0 10015144     user32:USER32.dll
 0002:00000148       \177USER32_NULL_THUNK_DATA 10015148     user32:USER32.dll
 0002:0000014c       ___guard_check_icall_fptr  1001514c     LIBCMT:guard_support.obj
 0002:00000150       ___castguard_check_failure_os_handled_fptr 10015150     LIBCMT:guard_support.obj
 0002:00000154       ___xc_a                    10015154     LIBCMT:initializers.obj
 0002:00000158       ___xc_z                    10015158     LIBCMT:initializers.obj
 0002:0000015c       ___xi_a                    1001515c     LIBCMT:initializers.obj
 0002:00000160       ___acrt_stdio_initializer  10015160     libucrt:stdio_initializer.obj
 0002:00000164       ___acrt_multibyte_initializer 10015164     libucrt:multibyte_initializer.obj
 0002:00000168       ___acrt_tran_sse2_initializer 10015168     libucrt:sse2_initializer.obj
 0002:0000016c       ___xi_z                    1001516c     LIBCMT:initializers.obj
 0002:00000170       ___xp_a                    10015170     LIBCMT:initializers.obj
 0002:00000174       ___acrt_locale_terminator  10015174     libucrt:locale_initializer.obj
 0002:00000178       ___dcrt_console_output_terminator 10015178     libucrt:console_output_initializer.obj
 0002:0000017c       ___acrt_stdio_terminator   1001517c     libucrt:stdio_initializer.obj
 0002:00000180       ___xp_z                    10015180     LIBCMT:initializers.obj
 0002:00000184       ___xt_a                    10015184     LIBCMT:initializers.obj
 0002:00000188       ___xt_z                    10015188     LIBCMT:initializers.obj
 0002:0000046c       ??_C@_0BC@JKHGNJOP@ACTIVE_SIMULATION@ 1001546c     bfme60fps_time_scheduler.obj
 0002:00000480       ??_C@_06EOENDFCC@PAUSED@   10015480     bfme60fps_time_scheduler.obj
 0002:00000488       ??_C@_0BD@PMDKFGAI@LOADING?1TRANSITION@ 10015488     bfme60fps_time_scheduler.obj
 0002:0000049c       ??_C@_0BE@IAONMGGM@SUSPENDED?1LARGE_GAP@ 1001549c     bfme60fps_time_scheduler.obj
 0002:000004b0       ??_C@_0BA@KABBGAJN@NETWORK_BLOCKED@ 100154b0     bfme60fps_time_scheduler.obj
 0002:000004c0       ??_C@_0BB@ENKFAPGM@LOW_FPS_SLOWDOWN@ 100154c0     bfme60fps_time_scheduler.obj
 0002:000004d4       ??_C@_07NFANNNEC@UNKNOWN@  100154d4     bfme60fps_time_scheduler.obj
 0002:000004dc       ??_C@_0CD@CKPIJMKM@C?3?2BFME1?2BFME_FOCUS_DIAGNOSTIC?4@ 100154dc     bfme60fps_time_scheduler.obj
 0002:00000500       ??_C@_0BK@DMBFFEHN@BFME_FOCUS_DIAGNOSTIC?4csv@ 10015500     bfme60fps_time_scheduler.obj
 0002:00000520       ??_C@_0IC@ELBAOGOH@?$CFlu?0?$CF?46f?0?$CF?43f?0?$CFlu?0?$CFlu?0?$CF?43f?0?$CF?43f@ 10015520     bfme60fps_time_scheduler.obj
 0002:000005a4       ??_C@_0N@CFKABOP@RESET_REBASE@ 100155a4     bfme60fps_time_scheduler.obj
 0002:000005b4       ??_C@_07DNMCHKDN@BLOCKED@  100155b4     bfme60fps_time_scheduler.obj
 0002:000005bc       ??_C@_0O@DNJEMLGD@DISCARDED_GAP@ 100155bc     bfme60fps_time_scheduler.obj
 0002:000005cc       ??_C@_08CKGDLFFJ@NO_LOGIC@ 100155cc     bfme60fps_time_scheduler.obj
 0002:000005d8       ??_C@_0BB@FLFKBDFD@LIFECYCLE_REBASE@ 100155d8     bfme60fps_time_scheduler.obj
 0002:000005ec       ??_C@_08PCNABPCD@INACTIVE@ 100155ec     bfme60fps_time_scheduler.obj
 0002:000005f8       ??_C@_0BJ@CIHLJONC@NATIVE_PHASE1_PAUSE_GATE@ 100155f8     bfme60fps_time_scheduler.obj
 0002:00000614       ??_C@_09HCBKOAJC@TIMER_DUE@ 10015614     bfme60fps_time_scheduler.obj
 0002:00000620       ??_C@_07MKNKHPFD@NOT_DUE@  10015620     bfme60fps_time_scheduler.obj
 0002:00000628       ??_C@_07OKOGAKFG@ALLOWED@  10015628     bfme60fps_time_scheduler.obj
 0002:00000630       ??_C@_0CN@OIAPCJEC@C?3?2BFME1?2BFME_60FPS_TIME_SCHEDU@ 10015630     bfme60fps_time_scheduler.obj
 0002:00000660       ??_C@_0CH@OKEGEENM@C?3?2BFME1?2BFME_60FPS_PARTICLE_PR@ 10015660     bfme60fps_time_scheduler.obj
 0002:00000688       ??_C@_0CI@ILMLFDIA@C?3?2BFME1?2BFME_60FPS_W3D_CLOCK_P@ 10015688     bfme60fps_time_scheduler.obj
 0002:000006b0       ??_C@_0N@KHFDGPJ@?2dinput8?4dll@ 100156b0     bfme60fps_time_scheduler.obj
 0002:000006c0       ??_C@_0BD@IJCCAMHG@DirectInput8Create@ 100156c0     bfme60fps_time_scheduler.obj
 0002:000006d8       __real@0000000000000000    100156d8     bfme60fps_time_scheduler.obj
 0002:000006e0       __real@3e112e0be826d695    100156e0     bfme60fps_time_scheduler.obj
 0002:000006e8       __real@3f800000            100156e8     bfme60fps_time_scheduler.obj
 0002:000006f0       __real@3fa1111111111111    100156f0     bfme60fps_time_scheduler.obj
 0002:000006f8       __real@3fc999999999999a    100156f8     bfme60fps_time_scheduler.obj
 0002:00000700       __real@3fe0000000000000    10015700     bfme60fps_time_scheduler.obj
 0002:00000708       __real@3fe8000000000000    10015708     bfme60fps_time_scheduler.obj
 0002:00000710       __real@3ff0000000000000    10015710     bfme60fps_time_scheduler.obj
 0002:00000718       __real@4000000000000000    10015718     bfme60fps_time_scheduler.obj
 0002:00000720       __real@4014000000000000    10015720     bfme60fps_time_scheduler.obj
 0002:00000728       __real@402e000000000000    10015728     bfme60fps_time_scheduler.obj
 0002:00000730       __real@403e000000000000    10015730     bfme60fps_time_scheduler.obj
 0002:00000738       __real@406e000000000000    10015738     bfme60fps_time_scheduler.obj
 0002:00000740       __real@408f400000000000    10015740     bfme60fps_time_scheduler.obj
 0002:00000750       __xmm@0000000040c00000000000003f800000 10015750     bfme60fps_time_scheduler.obj
 0002:00000760       __xmm@3fc999999999999a0000000000000000 10015760     bfme60fps_time_scheduler.obj
 0002:00000770       __xmm@41f00000000000000000000000000000 10015770     bfme60fps_time_scheduler.obj
 0002:000007a8       __pDefaultRawDllMain       100157a8     LIBCMT:dll_dllmain.obj
 0002:000007a8       __pRawDllMain              100157a8     LIBCMT:dll_dllmain.obj
 0002:000007ac       __pDestructExceptionObject 100157ac     libvcruntime:ehhelpers.obj
 0002:00000b38       ??_C@_08EHJDFFNH@__based?$CI@ 10015b38     libvcruntime:undname.obj
 0002:00000b44       ??_C@_07KOLFKCDI@__cdecl@  10015b44     libvcruntime:undname.obj
 0002:00000b4c       ??_C@_08GHMPAG@__pascal@   10015b4c     libvcruntime:undname.obj
 0002:00000b58       ??_C@_09IFJBGAPI@__stdcall@ 10015b58     libvcruntime:undname.obj
 0002:00000b64       ??_C@_0L@NPHFGOKO@__thiscall@ 10015b64     libvcruntime:undname.obj
 0002:00000b70       ??_C@_0L@JMKHOMEK@__fastcall@ 10015b70     libvcruntime:undname.obj
 0002:00000b7c       ??_C@_0N@BCKKPABJ@__vectorcall@ 10015b7c     libvcruntime:undname.obj
 0002:00000b8c       ??_C@_09HIJEGCPM@__clrcall@ 10015b8c     libvcruntime:undname.obj
 0002:00000b98       ??_C@_06GHPCKEAG@__eabi@   10015b98     libvcruntime:undname.obj
 0002:00000ba0       ??_C@_09IOPIDJLG@__swift_1@ 10015ba0     libvcruntime:undname.obj
 0002:00000bac       ??_C@_09KFNFGKHF@__swift_2@ 10015bac     libvcruntime:undname.obj
 0002:00000bb8       ??_C@_09LMMOFLDE@__swift_3@ 10015bb8     libvcruntime:undname.obj
 0002:00000bc4       ??_C@_07JOMMBBKO@__ptr64@  10015bc4     libvcruntime:undname.obj
 0002:00000bcc       ??_C@_0L@PILCLIHE@__restrict@ 10015bcc     libvcruntime:undname.obj
 0002:00000bd8       ??_C@_0M@GFIIJFMG@__unaligned@ 10015bd8     libvcruntime:undname.obj
 0002:00000be4       ??_C@_09DHDLOLLB@restrict?$CI@ 10015be4     libvcruntime:undname.obj
 0002:00000bee       ??_C@_00CNPNBAHC@@         10015bee     libvcruntime:undname.obj
 0002:00000bf0       ??_C@_04NIHEBCM@?5new@     10015bf0     libvcruntime:undname.obj
 0002:00000bf8       ??_C@_07FPCDHGMM@?5delete@ 10015bf8     libvcruntime:undname.obj
 0002:00000c00       ??_C@_01NEMOKFLO@?$DN@     10015c00     libvcruntime:undname.obj
 0002:00000c04       ??_C@_02GPIOPFAK@?$DO?$DO@ 10015c04     libvcruntime:undname.obj
 0002:00000c08       ??_C@_02FODMEDOG@?$DM?$DM@ 10015c08     libvcruntime:undname.obj
 0002:00000c0c       ??_C@_01DCLJPIOD@?$CB@     10015c0c     libvcruntime:undname.obj
 0002:00000c10       ??_C@_02EGOFBIJA@?$DN?$DN@ 10015c10     libvcruntime:undname.obj
 0002:00000c14       ??_C@_02FDNJECIE@?$CB?$DN@ 10015c14     libvcruntime:undname.obj
 0002:00000c18       ??_C@_02GPECMEKF@?$FL?$FN@ 10015c18     libvcruntime:undname.obj
 0002:00000c1c       ??_C@_08LHJFAFGD@operator@ 10015c1c     libvcruntime:undname.obj
 0002:00000c28       ??_C@_02HBOOOICD@?9?$DO@   10015c28     libvcruntime:undname.obj
 0002:00000c2c       ??_C@_01NBENCBCI@?$CK@     10015c2c     libvcruntime:undname.obj
 0002:00000c30       ??_C@_02ECNGHCIF@?$CL?$CL@ 10015c30     libvcruntime:undname.obj
 0002:00000c34       ??_C@_02BAABKJLB@?9?9@     10015c34     libvcruntime:undname.obj
 0002:00000c38       ??_C@_01JOAMLHOP@?9@       10015c38     libvcruntime:undname.obj
 0002:00000c3c       ??_C@_01MIFGBAGJ@?$CL@     10015c3c     libvcruntime:undname.obj
 0002:00000c40       ??_C@_01HNPIGOCE@?$CG@     10015c40     libvcruntime:undname.obj
 0002:00000c44       ??_C@_03MNHNFDLC@?9?$DO?$CK@ 10015c44     libvcruntime:undname.obj
 0002:00000c48       ??_C@_01KMDKNFGN@?1@       10015c48     libvcruntime:undname.obj
 0002:00000c4c       ??_C@_01FGNFDNOH@?$CF@     10015c4c     libvcruntime:undname.obj
 0002:00000c50       ??_C@_01MNNFJEPP@?$DM@     10015c50     libvcruntime:undname.obj
 0002:00000c54       ??_C@_02EHCHHCKH@?$DM?$DN@ 10015c54     libvcruntime:undname.obj
 0002:00000c58       ??_C@_01PPODPGHN@?$DO@     10015c58     libvcruntime:undname.obj
 0002:00000c5c       ??_C@_02EEKDKGMJ@?$DO?$DN@ 10015c5c     libvcruntime:undname.obj
 0002:00000c60       ??_C@_01IHBHIGKO@?0@       10015c60     libvcruntime:undname.obj
 0002:00000c64       ??_C@_02HCKGKOFO@?$CI?$CJ@ 10015c64     libvcruntime:undname.obj
 0002:00000c68       ??_C@_01PJKLJHI@?$HO@      10015c68     libvcruntime:undname.obj
 0002:00000c6c       ??_C@_01JKBOJNNK@?$FO@     10015c6c     libvcruntime:undname.obj
 0002:00000c70       ??_C@_01DNKMNLPK@?$HM@     10015c70     libvcruntime:undname.obj
 0002:00000c74       ??_C@_02PPKAJPJL@?$CG?$CG@ 10015c74     libvcruntime:undname.obj
 0002:00000c78       ??_C@_02NONPIBCD@?$HM?$HM@ 10015c78     libvcruntime:undname.obj
 0002:00000c7c       ??_C@_02FPIMKNGF@?$CK?$DN@ 10015c7c     libvcruntime:undname.obj
 0002:00000c80       ??_C@_02FOEOMHFC@?$CL?$DN@ 10015c80     libvcruntime:undname.obj
 0002:00000c84       ??_C@_02FKMDLLOA@?9?$DN@   10015c84     libvcruntime:undname.obj
 0002:00000c88       ??_C@_02FJEHGPIO@?1?$DN@   10015c88     libvcruntime:undname.obj
 0002:00000c8c       ??_C@_02FENAOKFI@?$CF?$DN@ 10015c8c     libvcruntime:undname.obj
 0002:00000c90       ??_C@_03IKFCCPFF@?$DO?$DO?$DN@ 10015c90     libvcruntime:undname.obj
 0002:00000c94       ??_C@_03CDNPDDLA@?$DM?$DM?$DN@ 10015c94     libvcruntime:undname.obj
 0002:00000c98       ??_C@_02FGJGFEAB@?$CG?$DN@ 10015c98     libvcruntime:undname.obj
 0002:00000c9c       ??_C@_02DHLNPPGH@?$HM?$DN@ 10015c9c     libvcruntime:undname.obj
 0002:00000ca0       ??_C@_02MHEGNOJ@?$FO?$DN@  10015ca0     libvcruntime:undname.obj
 0002:00000ca4       ??_C@_09IFPLHPGF@?$GAvftable?8@ 10015ca4     libvcruntime:undname.obj
 0002:00000cb0       ??_C@_09BLBHBJP@?$GAvbtable?8@ 10015cb0     libvcruntime:undname.obj
 0002:00000cbc       ??_C@_07FEEIOKP@?$GAvcall?8@ 10015cbc     libvcruntime:undname.obj
 0002:00000cc4       ??_C@_08LLFFHHDJ@?$GAtypeof?8@ 10015cc4     libvcruntime:undname.obj
 0002:00000cd0       ??_C@_0BF@KDPPACIK@?$GAlocal?5static?5guard?8@ 10015cd0     libvcruntime:undname.obj
 0002:00000ce8       ??_C@_08OBABFOLI@?$GAstring?8@ 10015ce8     libvcruntime:undname.obj
 0002:00000cf4       ??_C@_0BD@JDLKDPAB@?$GAvbase?5destructor?8@ 10015cf4     libvcruntime:undname.obj
 0002:00000d08       ??_C@_0BN@DEGPLNFK@?$GAvector?5deleting?5destructor?8@ 10015d08     libvcruntime:undname.obj
 0002:00000d28       ??_C@_0BO@OBMKPJIG@?$GAdefault?5constructor?5closure?8@ 10015d28     libvcruntime:undname.obj
 0002:00000d48       ??_C@_0BN@IMDCHIKM@?$GAscalar?5deleting?5destructor?8@ 10015d48     libvcruntime:undname.obj
 0002:00000d68       ??_C@_0BO@PFGOCPJJ@?$GAvector?5constructor?5iterator?8@ 10015d68     libvcruntime:undname.obj
 0002:00000d88       ??_C@_0BN@LFPFMEDL@?$GAvector?5destructor?5iterator?8@ 10015d88     libvcruntime:undname.obj
 0002:00000da8       ??_C@_0CE@IKBNEHA@?$GAvector?5vbase?5constructor?5itera@ 10015da8     libvcruntime:undname.obj
 0002:00000dcc       ??_C@_0BL@NILFHHPC@?$GAvirtual?5displacement?5map?8@ 10015dcc     libvcruntime:undname.obj
 0002:00000de8       ??_C@_0CB@JONCMFFK@?$GAeh?5vector?5constructor?5iterator@ 10015de8     libvcruntime:undname.obj
 0002:00000e0c       ??_C@_0CA@GCEOPDGL@?$GAeh?5vector?5destructor?5iterator?8@ 10015e0c     libvcruntime:undname.obj
 0002:00000e2c       ??_C@_0CH@OOJPLCPH@?$GAeh?5vector?5vbase?5constructor?5it@ 10015e2c     libvcruntime:undname.obj
 0002:00000e54       ??_C@_0BL@LLKPOHJI@?$GAcopy?5constructor?5closure?8@ 10015e54     libvcruntime:undname.obj
 0002:00000e70       ??_C@_0BA@KBCDOMBN@?$GAudt?5returning?8@ 10015e70     libvcruntime:undname.obj
 0002:00000e80       ??_C@_03KLGMFNMG@?$GAEH@   10015e80     libvcruntime:undname.obj
 0002:00000e84       ??_C@_05KHLCHHI@?$GARTTI@  10015e84     libvcruntime:undname.obj
 0002:00000e8c       ??_C@_0BA@KKLDJDLB@?$GAlocal?5vftable?8@ 10015e8c     libvcruntime:undname.obj
 0002:00000e9c       ??_C@_0CE@IIHCMGGL@?$GAlocal?5vftable?5constructor?5clos@ 10015e9c     libvcruntime:undname.obj
 0002:00000ec0       ??_C@_06FHBGPFGH@?5new?$FL?$FN@ 10015ec0     libvcruntime:undname.obj
 0002:00000ec8       ??_C@_09LBNFPBCA@?5delete?$FL?$FN@ 10015ec8     libvcruntime:undname.obj
 0002:00000ed4       ??_C@_0P@HJKNJFNN@?$GAomni?5callsig?8@ 10015ed4     libvcruntime:undname.obj
 0002:00000ee4       ??_C@_0BL@CNOONJFP@?$GAplacement?5delete?5closure?8@ 10015ee4     libvcruntime:undname.obj
 0002:00000f00       ??_C@_0BN@CKNJLHMB@?$GAplacement?5delete?$FL?$FN?5closure?8@ 10015f00     libvcruntime:undname.obj
 0002:00000f20       ??_C@_0CG@CFDHKGGD@?$GAmanaged?5vector?5constructor?5ite@ 10015f20     libvcruntime:undname.obj
 0002:00000f48       ??_C@_0CF@IMGKMJNO@?$GAmanaged?5vector?5destructor?5iter@ 10015f48     libvcruntime:undname.obj
 0002:00000f70       ??_C@_0CG@HLDDJMAG@?$GAeh?5vector?5copy?5constructor?5ite@ 10015f70     libvcruntime:undname.obj
 0002:00000f98       ??_C@_0CM@FCBBDIGB@?$GAeh?5vector?5vbase?5copy?5construct@ 10015f98     libvcruntime:undname.obj
 0002:00000fc4       ??_C@_0BL@CLIPGLGB@?$GAdynamic?5initializer?5for?5?8@ 10015fc4     libvcruntime:undname.obj
 0002:00000fe0       ??_C@_0CB@PDBIFEP@?$GAdynamic?5atexit?5destructor?5for?5@ 10015fe0     libvcruntime:undname.obj
 0002:00001004       ??_C@_0CD@CGAJBKEJ@?$GAvector?5copy?5constructor?5iterat@ 10016004     libvcruntime:undname.obj
 0002:00001028       ??_C@_0CJ@GJELGAMM@?$GAvector?5vbase?5copy?5constructor?5@ 10016028     libvcruntime:undname.obj
 0002:00001054       ??_C@_0CL@FGIJHLCE@?$GAmanaged?5vector?5copy?5constructo@ 10016054     libvcruntime:undname.obj
 0002:00001080       ??_C@_0BM@PMGGMLDN@?$GAlocal?5static?5thread?5guard?8@ 10016080     libvcruntime:undname.obj
 0002:0000109c       ??_C@_0N@BDNMDMOL@operator?5?$CC?$CC?5@ 1001609c     libvcruntime:undname.obj
 0002:000010ac       ??_C@_0BC@GGEBGALA@operator?5co_await@ 100160ac     libvcruntime:undname.obj
 0002:000010c0       ??_C@_0M@GAAIMMOH@operator?$DM?$DN?$DO@ 100160c0     libvcruntime:undname.obj
 0002:000010cc       ??_C@_0BC@DAFEJGAK@?5Type?5Descriptor?8@ 100160cc     libvcruntime:undname.obj
 0002:000010e0       ??_C@_0BM@LDKODKLH@?5Base?5Class?5Descriptor?5at?5?$CI@ 100160e0     libvcruntime:undname.obj
 0002:000010fc       ??_C@_0BD@LGICGFMM@?5Base?5Class?5Array?8@ 100160fc     libvcruntime:undname.obj
 0002:00001110       ??_C@_0BN@MECKDCOJ@?5Class?5Hierarchy?5Descriptor?8@ 10016110     libvcruntime:undname.obj
 0002:00001130       ??_C@_0BK@CFCOFLF@?5Complete?5Object?5Locator?8@ 10016130     libvcruntime:undname.obj
 0002:0000114c       ??_C@_0BG@JNJLAMPM@?$GAanonymous?5namespace?8@ 1001614c     libvcruntime:undname.obj
 0002:00001170       ??_C@_1DM@KHCHBNEB@?$AAa?$AAp?$AAi?$AA?9?$AAm?$AAs?$AA?9?$AAw?$AAi?$AAn?$AA?9?$AAc?$AAo?$AAr?$AAe@ 10016170     libvcruntime:winapi_downlevel.obj
 0002:000011ac       ??_C@_1DK@LPPGFMPP@?$AAa?$AAp?$AAi?$AA?9?$AAm?$AAs?$AA?9?$AAw?$AAi?$AAn?$AA?9?$AAc?$AAo?$AAr?$AAe@ 100161ac     libvcruntime:winapi_downlevel.obj
 0002:000011e8       ??_C@_1BC@GDMECMAK@?$AAk?$AAe?$AAr?$AAn?$AAe?$AAl?$AA3?$AA2@ 100161e8     libvcruntime:winapi_downlevel.obj
 0002:000011fc       ??_C@_1BA@PFFKHIOG@?$AAa?$AAp?$AAi?$AA?9?$AAm?$AAs?$AA?9@ 100161fc     libvcruntime:winapi_downlevel.obj
 0002:00001214       ??_C@_08KNHFBNJ@FlsAlloc@  10016214     libvcruntime:winapi_downlevel.obj
 0002:00001228       ??_C@_07PEJMOBNF@FlsFree@  10016228     libvcruntime:winapi_downlevel.obj
 0002:00001238       ??_C@_0M@GDNOONDI@FlsGetValue@ 10016238     libvcruntime:winapi_downlevel.obj
 0002:0000124c       ??_C@_0M@JCPCPOEF@FlsSetValue@ 1001624c     libvcruntime:winapi_downlevel.obj
 0002:00001260       ??_C@_0BM@HCFOFFN@InitializeCriticalSectionEx@ 10016260     libvcruntime:winapi_downlevel.obj
 0002:00001280       ??_7exception@std@@6B@     10016280     libvcruntime:frame.obj
 0002:00001288       ??_C@_0BC@EOODALEL@Unknown?5exception@ 10016288     libvcruntime:frame.obj
 0002:000012a0       ??_7bad_exception@std@@6B@ 100162a0     libvcruntime:frame.obj
 0002:000012a8       ??_C@_0O@DPKOEFFH@bad?5exception@ 100162a8     libvcruntime:frame.obj
 0002:000012b8       ?standard_lookup_table_spectre@__crt_stdio_output@@3V?$spectre_mitigated_lookup_table@Ustate_transition_pair@__crt_stdio_output@@$0IA@@1@B 100162b8     libucrt:output.obj
 0002:000013b8       ??_C@_1O@CEDCILHN@?$AA?$CI?$AAn?$AAu?$AAl?$AAl?$AA?$CJ@ 100163b8     libucrt:output.obj
 0002:000013c8       ??_C@_06OJHGLDPL@?$CInull?$CJ@ 100163c8     libucrt:output.obj
 0002:000014b8       ??_C@_03KHJOGHMM@exp@      100164b8     libucrt:fpexcept.obj
 0002:000014bc       ??_C@_03JGHBODFD@pow@      100164bc     libucrt:fpexcept.obj
 0002:000014c0       ??_C@_03MGHMBJCF@log@      100164c0     libucrt:fpexcept.obj
 0002:000014c4       ??_C@_05HGHHAHAP@log10@    100164c4     libucrt:fpexcept.obj
 0002:000014cc       ??_C@_04COOMCNPB@sinh@     100164cc     libucrt:fpexcept.obj
 0002:000014d4       ??_C@_04HPJJNFIM@cosh@     100164d4     libucrt:fpexcept.obj
 0002:000014dc       ??_C@_04FJHINJAO@tanh@     100164dc     libucrt:fpexcept.obj
 0002:000014e4       ??_C@_04FIHNOPOL@asin@     100164e4     libucrt:fpexcept.obj
 0002:000014ec       ??_C@_04PDIFKINK@acos@     100164ec     libucrt:fpexcept.obj
 0002:000014f4       ??_C@_04MLLJIGOK@atan@     100164f4     libucrt:fpexcept.obj
 0002:000014fc       ??_C@_05KNGEOGJB@atan2@    100164fc     libucrt:fpexcept.obj
 0002:00001504       ??_C@_04EIAKFFMI@sqrt@     10016504     libucrt:fpexcept.obj
 0002:0000150c       ??_C@_03BLEJJJBH@sin@      1001650c     libucrt:fpexcept.obj
 0002:00001510       ??_C@_03LALBNOCG@cos@      10016510     libucrt:fpexcept.obj
 0002:00001514       ??_C@_03IIINPABG@tan@      10016514     libucrt:fpexcept.obj
 0002:00001518       ??_C@_04GFPJNGEK@ceil@     10016518     libucrt:fpexcept.obj
 0002:00001520       ??_C@_05PBJFFIGL@floor@    10016520     libucrt:fpexcept.obj
 0002:00001528       ??_C@_04ODHECPBC@fabs@     10016528     libucrt:fpexcept.obj
 0002:00001530       ??_C@_04EHEDPDJG@modf@     10016530     libucrt:fpexcept.obj
 0002:00001538       ??_C@_05CEJMAHNP@ldexp@    10016538     libucrt:fpexcept.obj
 0002:00001540       ??_C@_05KBKMEMPO@_cabs@    10016540     libucrt:fpexcept.obj
 0002:00001548       ??_C@_06MEIMCGCF@_hypot@   10016548     libucrt:fpexcept.obj
 0002:00001550       ??_C@_04KEPJIHGP@fmod@     10016550     libucrt:fpexcept.obj
 0002:00001558       ??_C@_05GKKHEGJL@frexp@    10016558     libucrt:fpexcept.obj
 0002:00001560       ??_C@_03MJLDFKDL@_y0@      10016560     libucrt:fpexcept.obj
 0002:00001564       ??_C@_03NAKIGLHK@_y1@      10016564     libucrt:fpexcept.obj
 0002:00001568       ??_C@_03ONILCKOB@_yn@      10016568     libucrt:fpexcept.obj
 0002:0000156c       ??_C@_05JGDBENOH@_logb@    1001656c     libucrt:fpexcept.obj
 0002:00001574       ??_C@_0L@KDOEJCKC@_nextafter@ 10016574     libucrt:fpexcept.obj
 0002:00001580       ___acrt_exception_action_table 10016580     libucrt:exception_filter.obj
 0002:00001610       ___acrt_signal_action_table_count 10016610     libucrt:exception_filter.obj
 0002:00001614       ___acrt_signal_action_first_fpe_index 10016614     libucrt:exception_filter.obj
 0002:00001618       ___acrt_signal_action_fpe_count 10016618     libucrt:exception_filter.obj
 0002:0000161c       ??_C@_1BI@BGOHAHKC@?$AAm?$AAs?$AAc?$AAo?$AAr?$AAe?$AAe?$AA?4?$AAd?$AAl?$AAl@ 1001661c     libucrt:exit.obj
 0002:00001634       ??_C@_0P@MIGLKIOC@CorExitProcess@ 10016634     libucrt:exit.obj
 0002:00001870       ??_C@_03OEIAHPBN@INF@      10016870     libucrt:cvt.obj
 0002:00001874       ??_C@_03OJHLLCGB@inf@      10016874     libucrt:cvt.obj
 0002:00001878       ??_C@_03LKNCIKJB@NAN@      10016878     libucrt:cvt.obj
 0002:0000187c       ??_C@_03LHCJEHON@nan@      1001687c     libucrt:cvt.obj
 0002:00001880       ??_C@_09OFJJIMPC@NAN?$CISNAN?$CJ@ 10016880     libucrt:cvt.obj
 0002:0000188c       ??_C@_09IPFBKMDL@nan?$CIsnan?$CJ@ 1001688c     libucrt:cvt.obj
 0002:00001898       ??_C@_08IKHNHAJ@NAN?$CIIND?$CJ@ 10016898     libucrt:cvt.obj
 0002:000018a4       ??_C@_08OFCDMILK@nan?$CIind?$CJ@ 100168a4     libucrt:cvt.obj
 0002:000018b0       ??_C@_05KLBDPFGC@e?$CL000@ 100168b0     libucrt:cvt.obj
 0002:000018b8       ___lc_time_c               100168b8     libucrt:nlsdata.obj
 0002:00001a1c       ??_C@_03KOEHGMDN@Sun@      10016a1c     libucrt:nlsdata.obj
 0002:00001a20       ??_C@_03PDAGKDH@Mon@       10016a20     libucrt:nlsdata.obj
 0002:00001a24       ??_C@_03NAGEINEP@Tue@      10016a24     libucrt:nlsdata.obj
 0002:00001a28       ??_C@_03MHOMLAJA@Wed@      10016a28     libucrt:nlsdata.obj
 0002:00001a2c       ??_C@_03IOFIKPDN@Thu@      10016a2c     libucrt:nlsdata.obj
[...]
 0002:00005400       emask                      1001a400     libucrt:log10_pentium4.obj
 0002:00005410       CC                         1001a410     libucrt:log10_pentium4.obj
 0002:00005420       Magic                      1001a420     libucrt:log10_pentium4.obj
 0002:00005430       hi_mask                    1001a430     libucrt:log10_pentium4.obj
 0002:00005440       LOG10_2                    1001a440     libucrt:log10_pentium4.obj
 0002:00005450       place_L                    1001a450     libucrt:log10_pentium4.obj
 0002:00005470       One                        1001a470     libucrt:log10_pentium4.obj
 0002:00005480       Zero                       1001a480     libucrt:log10_pentium4.obj
 0002:00005490       Two52                      1001a490     libucrt:log10_pentium4.obj
 0002:000054a0       Infs                       1001a4a0     libucrt:log10_pentium4.obj
 0002:000054b0       NaN                        1001a4b0     libucrt:log10_pentium4.obj
 0002:000054c0       coeff                      1001a4c0     libucrt:log10_pentium4.obj
 0002:0000551e       _log2max                   1001a51e     libucrt:87tran.obj
 0002:00005528       _smallarg                  1001a528     libucrt:87tran.obj
 0002:00005532       _half                      1001a532     libucrt:87tran.obj
 0002:0000557e       One                        1001a57e     libucrt:87disp.obj
 0002:00005586       Three                      1001a586     libucrt:87disp.obj
 0002:0000558e       XAMtoTagTab                1001a58e     libucrt:87disp.obj
 0002:000055a0       One                        1001a5a0     libucrt:common.obj
 0002:000055b4       DblMax                     1001a5b4     libucrt:common.obj
 0002:000055bc       DblMin                     1001a5bc     libucrt:common.obj
 0002:000055c4       IeeeAdjO                   1001a5c4     libucrt:common.obj
 0002:000055cc       IeeeAdjU                   1001a5cc     libucrt:common.obj
 0002:000055d4       _infinity                  1001a5d4     libucrt:common.obj
 0002:000055dc       _zero                      1001a5dc     libucrt:common.obj
 0002:00005e30       two32                      1001ae30     LIBCMT:ftol2.obj
 0002:00005e34       two63                      1001ae34     LIBCMT:ftol2.obj
 0002:00005e38       two64                      1001ae38     LIBCMT:ftol2.obj
 0002:00005e3c       _NaN                       1001ae3c     LIBCMT:ftol2.obj
 0002:00006440       __sehtable$?dllmain_crt_process_attach@@YAHQAUHINSTANCE__@@QAX@Z 1001b440     LIBCMT:dll_dllmain.obj
 0002:00006460       __sehtable$?dllmain_crt_process_detach@@YAH_N@Z 1001b460     LIBCMT:dll_dllmain.obj
 0002:00006488       __sehtable$?dllmain_dispatch@@YAHQAUHINSTANCE__@@KQAX@Z 1001b488     LIBCMT:dll_dllmain.obj
 0002:000064a8       __sehtable$___scrt_is_nonwritable_in_current_image 1001b4a8     LIBCMT:utility.obj
 0002:000064c8       __sehtable$___DestructExceptionObject 1001b4c8     libvcruntime:ehhelpers.obj
 0002:000064e8       __sehtable$?FrameUnwindToState@__FrameHandler3@@SAXPAUEHRegistrationNode@@PAXPBU_s_FuncInfo@@H@Z 1001b4e8     libvcruntime:frame.obj
 0002:00006510       __sehtable$?CallCatchBlock@@YAPAXPAUEHExceptionRecord@@PAUEHRegistrationNode@@PAU_CONTEXT@@PBU_s_FuncInfo@@PAXHK@Z 1001b510     libvcruntime:frame.obj
 0002:00006538       __catchsym$?CallUnexpected@@YAXPBU_s_ESTypeList@@@Z$2 1001b538     libvcruntime:frame.obj
 0002:00006548       __unwindtable$?CallUnexpected@@YAXPBU_s_ESTypeList@@@Z 1001b548     libvcruntime:frame.obj
 0002:00006558       __tryblocktable$?CallUnexpected@@YAXPBU_s_ESTypeList@@@Z 1001b558     libvcruntime:frame.obj
 0002:0000656c       __ehfuncinfo$?CallUnexpected@@YAXPBU_s_ESTypeList@@@Z 1001b56c     libvcruntime:frame.obj
 0002:00006590       __sehtable$??$BuildCatchObjectHelperInternal@V__FrameHandler3@@@@YAHPAUEHExceptionRecord@@PAXPBU_s_HandlerType@@PBU_s_CatchableType@@@Z 1001b590     libvcruntime:frame.obj
 0002:000065b0       __sehtable$??$BuildCatchObjectInternal@V__FrameHandler3@@@@YAXPAUEHExceptionRecord@@PAXPBU_s_HandlerType@@PBU_s_CatchableType@@@Z 1001b5b0     libvcruntime:frame.obj
 0002:00006620       __ehfuncinfo$?write_double_translated_ansi_nolock@@YA?AUwrite_result@?A0x17268360@@HQBDIAAV__crt_cached_ptd_host@@@Z 1001b620     libucrt:write.obj
 0002:00006620       __ehfuncinfo$?try_cor_exit_process@@YAXI@Z 1001b620     libucrt:exit.obj
 0002:00006644       __unwindtable$?common_exit@@YAXHW4_crt_exit_cleanup_mode@@W4_crt_exit_return_mode@@@Z 1001b644     libucrt:exit.obj
 0002:0000664c       __ehfuncinfo$?common_exit@@YAXHW4_crt_exit_cleanup_mode@@W4_crt_exit_return_mode@@@Z 1001b64c     libucrt:exit.obj
 0002:00006670       __sehtable$??R<lambda_6e4b09c48022b2350581041d5f6b0c4c>@@QBE@XZ 1001b670     libucrt:exit.obj
 0002:00006690       __sehtable$??$?RV<lambda_03b1d95aef87969028cfba75ccab2455>@@AAV<lambda_6e4b09c48022b2350581041d5f6b0c4c>@@V<lambda_22bdf7517842c4b3e53723af5aa32b9e>@@@?$__crt_seh_guarded_call@X@@QAEX$$QAV<lambda_03b1d95aef87969028cfba75ccab2455>@@AAV<lambda_6e4b09c48022b2350581041d5f6b0c4c>@@$$QAV<lambda_22bdf7517842c4b3e53723af5aa32b9e>@@@Z 1001b690     libucrt:exit.obj
 0002:000066ac       __unwindtable$___dcrt_uninitialize_environments_nolock 1001b6ac     libucrt:environment_initialization.obj
 0002:000066bc       __ehfuncinfo$___dcrt_uninitialize_environments_nolock 1001b6bc     libucrt:environment_initialization.obj
 0002:000066e0       __unwindtable$__execute_onexit_table 1001b6e0     libucrt:onexit.obj
 0002:000066e8       __ehfuncinfo$__execute_onexit_table 1001b6e8     libucrt:onexit.obj
 0002:00006710       __sehtable$??$?RV<lambda_69a2805e680e0e292e8ba93315fe43a8>@@AAV<lambda_f03950bc5685219e0bcd2087efbe011e>@@V<lambda_03fcd07e894ec930e3f35da366ca99d6>@@@?$__crt_seh_guarded_call@H@@QAEH$$QAV<lambda_69a2805e680e0e292e8ba93315fe43a8>@@AAV<lambda_f03950bc5685219e0bcd2087efbe011e>@@$$QAV<lambda_03fcd07e894ec930e3f35da366ca99d6>@@@Z 1001b710     libucrt:onexit.obj
 0002:00006730       __sehtable$_terminate      1001b730     libucrt:terminate.obj
 0002:00006750       __sehtable$??$?RV<lambda_15ade71b0218206bbe3333a0c9b79046>@@AAV<lambda_da44e0f8b0f19ba52fefafb335991732>@@V<lambda_207f2d024fc103971653565357d6cd41>@@@?$__crt_seh_guarded_call@X@@QAEX$$QAV<lambda_15ade71b0218206bbe3333a0c9b79046>@@AAV<lambda_da44e0f8b0f19ba52fefafb335991732>@@$$QAV<lambda_207f2d024fc103971653565357d6cd41>@@@Z 1001b750     libucrt:per_thread_data.obj
 0002:00006770       __sehtable$??$?RV<lambda_a7e850c220f1c8d1e6efeecdedd162c6>@@AAV<lambda_46720907175c18b6c9d2717bc0d2d362>@@V<lambda_9048902d66e8d99359bc9897bbb930a8>@@@?$__crt_seh_guarded_call@X@@QAEX$$QAV<lambda_a7e850c220f1c8d1e6efeecdedd162c6>@@AAV<lambda_46720907175c18b6c9d2717bc0d2d362>@@$$QAV<lambda_9048902d66e8d99359bc9897bbb930a8>@@@Z 1001b770     libucrt:per_thread_data.obj
 0002:00006790       __sehtable$??$?RV<lambda_38edbb1296d33220d7e4dd0ed76b244a>@@AAV<lambda_5ce1d447e08cb34b2473517608e21441>@@V<lambda_fb385d3da700c9147fc39e65dd577a8c>@@@?$__crt_seh_guarded_call@X@@QAEX$$QAV<lambda_38edbb1296d33220d7e4dd0ed76b244a>@@AAV<lambda_5ce1d447e08cb34b2473517608e21441>@@$$QAV<lambda_fb385d3da700c9147fc39e65dd577a8c>@@@Z 1001b790     libucrt:per_thread_data.obj
 0002:000067b0       __sehtable$??$?RV<lambda_6affb1475c98b40b75cdec977db92e3c>@@AAV<lambda_b8d4b9c228a6ecc3f80208dbb4b4a104>@@V<lambda_608742c3c92a14382c1684fc64f96c88>@@@?$__crt_seh_guarded_call@X@@QAEX$$QAV<lambda_6affb1475c98b40b75cdec977db92e3c>@@AAV<lambda_b8d4b9c228a6ecc3f80208dbb4b4a104>@@$$QAV<lambda_608742c3c92a14382c1684fc64f96c88>@@@Z 1001b7b0     libucrt:per_thread_data.obj
 0002:000067d0       __sehtable$??$?RV<lambda_e5124f882df8998aaf41531e079ba474>@@AAV<lambda_3e16ef9562a7dcce91392c22ab16ea36>@@V<lambda_e25ca0880e6ef98be67edffd8c599615>@@@?$__crt_seh_guarded_call@X@@QAEX$$QAV<lambda_e5124f882df8998aaf41531e079ba474>@@AAV<lambda_3e16ef9562a7dcce91392c22ab16ea36>@@$$QAV<lambda_e25ca0880e6ef98be67edffd8c599615>@@@Z 1001b7d0     libucrt:wsetlocale.obj
 0002:000067f0       __sehtable$___acrt_initialize_lowio 1001b7f0     libucrt:ioinit.obj
 0002:00006810       __sehtable$___set_fpsr_sse2 1001b810     libucrt:fpctrl.obj
 0002:00006830       __sehtable$?update_thread_multibyte_data_internal@@YAPAU__crt_multibyte_data@@QAU__acrt_ptd@@QAPAU1@@Z 1001b830     libucrt:mbctype.obj
 0002:00006850       __sehtable$??$?RV<lambda_ceb1ee4838e85a9d631eb091e2fbe199>@@AAV<lambda_ae742caa10f662c28703da3d2ea5e57e>@@V<lambda_cd08b5d6af4937fe54fc07d0c9bf6b37>@@@?$__crt_seh_guarded_call@X@@QAEX$$QAV<lambda_ceb1ee4838e85a9d631eb091e2fbe199>@@AAV<lambda_ae742caa10f662c28703da3d2ea5e57e>@@$$QAV<lambda_cd08b5d6af4937fe54fc07d0c9bf6b37>@@@Z 1001b850     libucrt:mbctype.obj
 0002:00006870       __sehtable$__query_new_handler 1001b870     libucrt:new_handler.obj
 0002:00006890       __sehtable$_raise          1001b890     libucrt:signal.obj
 0002:000068b0       __sehtable$??$?RV<lambda_cbab9ec6f41b0180b23cc171c22676b0>@@AAV<lambda_44731a7d0e6d81c3e6aa82d741081786>@@V<lambda_4b292cb8dd18144e164572427af410ab>@@@?$__crt_seh_guarded_call@P6AXH@Z@@QAEP6AXH@Z$$QAV<lambda_cbab9ec6f41b0180b23cc171c22676b0>@@AAV<lambda_44731a7d0e6d81c3e6aa82d741081786>@@$$QAV<lambda_4b292cb8dd18144e164572427af410ab>@@@Z 1001b8b0     libucrt:signal.obj
 0002:000068d0       __sehtable$??$?RV<lambda_2866be3712abc81a800a822484c830d8>@@AAV<lambda_39ca0ed439415581b5b15c265174cece>@@V<lambda_2b24c74d71094a6cd0cb82e44167d71b>@@@?$__crt_seh_guarded_call@X@@QAEX$$QAV<lambda_2866be3712abc81a800a822484c830d8>@@AAV<lambda_39ca0ed439415581b5b15c265174cece>@@$$QAV<lambda_2b24c74d71094a6cd0cb82e44167d71b>@@@Z 1001b8d0     libucrt:fflush.obj
 0002:000068f0       __sehtable$??$?RV<lambda_2cc53f568c5a2bb6f192f930a45d44ea>@@AAV<lambda_ab61a845afdef5b7c387490eaf3616ee>@@V<lambda_c2ffc0b7726aa6be21d5f0026187e748>@@@?$__crt_seh_guarded_call@X@@QAEX$$QAV<lambda_2cc53f568c5a2bb6f192f930a45d44ea>@@AAV<lambda_ab61a845afdef5b7c387490eaf3616ee>@@$$QAV<lambda_c2ffc0b7726aa6be21d5f0026187e748>@@@Z 1001b8f0     libucrt:fflush.obj
 0002:00006910       __sehtable$___acrt_update_thread_locale_data 1001b910     libucrt:locale_refcounting.obj
 0002:00006930       __sehtable$__fcloseall     1001b930     libucrt:closeall.obj
 0002:00006950       __sehtable$___acrt_lowio_ensure_fh_exists 1001b950     libucrt:osfinfo.obj
 0002:00006970       __sehtable$??$?RV<lambda_9e9de3de5fa147e2223d7db92bc10aa6>@@AAV<lambda_38ce7e780aa69e748d6df282ebc68efe>@@V<lambda_8ca6da459f0f6780f1cff60fdc3d00e5>@@@?$__crt_seh_guarded_call@H@@QAEH$$QAV<lambda_9e9de3de5fa147e2223d7db92bc10aa6>@@AAV<lambda_38ce7e780aa69e748d6df282ebc68efe>@@$$QAV<lambda_8ca6da459f0f6780f1cff60fdc3d00e5>@@@Z 1001b970     libucrt:commit.obj
 0002:00006990       __sehtable$__write_internal 1001b990     libucrt:write.obj
 0002:000069b0       __sehtable$?_fclose_internal@@YAHQAU_iobuf@@AAV__crt_cached_ptd_host@@@Z 1001b9b0     libucrt:fclose.obj
 0002:000069d0       __sehtable$??$?RV<lambda_d422a76eb4c3bf3ad751449ab71a6ea4>@@AAV<lambda_c9ba49e555ba839a7b07aa3fbecb7617>@@V<lambda_9476263c8ee91a25d21c55370bdb50de>@@@?$__crt_seh_guarded_call@H@@QAEH$$QAV<lambda_d422a76eb4c3bf3ad751449ab71a6ea4>@@AAV<lambda_c9ba49e555ba839a7b07aa3fbecb7617>@@$$QAV<lambda_9476263c8ee91a25d21c55370bdb50de>@@@Z 1001b9d0     libucrt:close.obj
 0002:000069f0       __sehtable$__IsNonwritableInCurrentImage 1001b9f0     LIBCMT:pesect.obj
 0002:00006a10       .edata                     1001ba10     dinput8.exp
 0002:00006a38       rgpv                       1001ba38     dinput8.exp
 0002:00006a3c       rgszName                   1001ba3c     dinput8.exp
 0002:00006a40       rgwOrd                     1001ba40     dinput8.exp
 0002:00006a42       szName                     1001ba42     dinput8.exp
 0002:00006a4e       $N00001                    1001ba4e     dinput8.exp
 0002:00006c1e       .idata$6                   1001bc1e     user32:USER32.dll
 0002:00006e76       .idata$6                   1001be76     kernel32:KERNEL32.dll
 0003:00000000       _g_fx                      1001d000     bfme60fps_time_scheduler.obj
 0003:00000020       _g_visual                  1001d020     bfme60fps_time_scheduler.obj
 0003:00000050       _g_timingLog               1001d050     bfme60fps_time_scheduler.obj
 0003:00000054       _g_lastForeground          1001d054     bfme60fps_time_scheduler.obj
 0003:00000080       ?__vcrt_flsindex@@3KA      1001d080     libvcruntime:per_thread_data.obj
 0003:000000b0       ?errno_no_memory@@3HA      1001d0b0     libucrt:errno.obj
 0003:000000b4       ?doserrno_no_memory@@3KA   1001d0b4     libucrt:errno.obj
 0003:00000160       ?__acrt_flsindex@@3KA      1001d160     libucrt:per_thread_data.obj
 0003:0000022c       ?__DAZ_ENABLED@?1??__set_fpsr_sse2@@9@9 1001d22c     libucrt:fpctrl.obj
 0003:00000450       __mbctypes                 1001d450     libucrt:mbctype.obj
 0003:00000558       __mbcasemaps               1001d558     libucrt:mbctype.obj
 0003:00000658       ?__rgctypeflag@@3PADA      1001d658     libucrt:mbctype.obj
 0003:00000660       ?__rgcode_page_info@@3PAUcode_page_info@@A 1001d660     libucrt:mbctype.obj
 0003:000008b0       ?__dcrt_lowio_console_output_handle@@3PAXA 1001d8b0     libucrt:initcon.obj
 0003:00000918       _g_di                      1001d918     bfme60fps_time_scheduler.obj
 0003:0000091c       _g_create                  1001d91c     bfme60fps_time_scheduler.obj
 0003:00000920       _g_started                 1001d920     bfme60fps_time_scheduler.obj
 0003:00000924       _g_patchApplied            1001d924     bfme60fps_time_scheduler.obj
 0003:00000928       _g_states                  1001d928     bfme60fps_time_scheduler.obj
 0003:00004928       _g_objectAnims             10021928     bfme60fps_time_scheduler.obj
 0003:00007928       _g_syncClocks              10024928     bfme60fps_time_scheduler.obj
 0003:000079c8       _g_syncCalls               100249c8     bfme60fps_time_scheduler.obj
 0003:000079cc       _g_targetCalls             100249cc     bfme60fps_time_scheduler.obj
 0003:000079d0       _g_syncCounts              100249d0     bfme60fps_time_scheduler.obj
 0003:000079e4       _g_image                   100249e4     bfme60fps_time_scheduler.obj
 0003:000079e8       _g_lastTargetRaw           100249e8     bfme60fps_time_scheduler.obj
 0003:000079ec       _g_lastTargetOut           100249ec     bfme60fps_time_scheduler.obj
 0003:000079f0       _g_w3dOld                  100249f0     bfme60fps_time_scheduler.obj
 0003:000079f4       _g_w3dNew                  100249f4     bfme60fps_time_scheduler.obj
 0003:000079f8       _g_particleStates          100249f8     bfme60fps_time_scheduler.obj
 0003:000f79f8       _g_particlePatches         101149f8     bfme60fps_time_scheduler.obj
 0003:001379f8       _g_particleGetters         101549f8     bfme60fps_time_scheduler.obj
 0003:00137a10       _g_particleRenderOriginal  10154a10     bfme60fps_time_scheduler.obj
 0003:00137a14       _g_cameraScrollOriginal    10154a14     bfme60fps_time_scheduler.obj
 0003:00137a18       _g_cameraScrollCalls       10154a18     bfme60fps_time_scheduler.obj
 0003:00137a1c       _g_particleRenderContext   10154a1c     bfme60fps_time_scheduler.obj
 0003:00137a20       _g_particleRenderCalls     10154a20     bfme60fps_time_scheduler.obj
 0003:00137a24       _g_particleInterpolated    10154a24     bfme60fps_time_scheduler.obj
 0003:00137a28       _g_particleRenderSerial    10154a28     bfme60fps_time_scheduler.obj
 0003:00137a2c       _g_particleRenderPhase     10154a2c     bfme60fps_time_scheduler.obj
 0003:00137a30       _g_timing                  10154a30     bfme60fps_time_scheduler.obj
 0003:00137aa0       _g_dueDecision             10154aa0     bfme60fps_time_scheduler.obj
 0003:00137aa4       _g_dueInFlight             10154aa4     bfme60fps_time_scheduler.obj
 0003:00137aa8       _g_phaseDecision           10154aa8     bfme60fps_time_scheduler.obj
 0003:00137aac       _g_w3dClockFrozen          10154aac     bfme60fps_time_scheduler.obj
 0003:00137ab0       _g_legacyPhaseCalls        10154ab0     bfme60fps_time_scheduler.obj
 0003:00137ab8       _GS_ExceptionRecord        10154ab8     LIBCMT:gs_report.obj
 0003:00137b08       _GS_ContextRecord          10154b08     LIBCMT:gs_report.obj
 0003:00137dd4       ?__proc_attached@@3HA      10154dd4     LIBCMT:dll_dllmain.obj
 0003:00137df8       ?is_initialized_as_dll@@3_NA 10154df8     LIBCMT:utility.obj
 0003:00137df9       ?module_local_atexit_table_initialized@@3_NA 10154df9     LIBCMT:utility.obj
 0003:00137dfc       ?module_local_atexit_table@@3U_onexit_table_t@@A 10154dfc     LIBCMT:utility.obj
 0003:00137e08       ?module_local_at_quick_exit_table@@3U_onexit_table_t@@A 10154e08     LIBCMT:utility.obj
 0003:00137e44       ?heap@@3V_HeapManager@@A   10154e44     libvcruntime:undname.obj
 0003:00137e58       ?__vcrt_startup_thread_ptd@@3U__vcrt_ptd@@A 10154e58     libvcruntime:per_thread_data.obj
 0003:00137e80       ___vcrt_lock_table         10154e80     libvcruntime:locks.obj
 0003:00137e98       ___vcrt_locks_initialized  10154e98     libvcruntime:locks.obj
 0003:00137e9c       ?module_handles@@3PAPAUHINSTANCE__@@A 10154e9c     libvcruntime:winapi_downlevel.obj
 0003:00137ea8       ?function_pointers@@3PAPAXA 10154ea8     libvcruntime:winapi_downlevel.obj
 0003:00137ec0       ?c_termination_complete@@3JA 10154ec0     libucrt:exit.obj
 0003:00137ec4       ?thread_local_exit_callback_func@@3P6GXPAXK0@ZA 10154ec4     libucrt:exit.obj
 0003:00137ed0       ?program_name@?1???$common_configure_argv@D@@YAHW4_crt_argv_mode@@@Z@4PADA 10154ed0     libucrt:argv_parsing.obj
 0003:00138000       ?__acrt_invalid_parameter_handler@@3V?$dual_state_global@P6AXPB_W00II@Z@__crt_state_management@@A 10155000     libucrt:invalid_parameter.obj
 0003:00138004       ?internal_state@?1??_mbtowc_internal@@9@4U_Mbstatet@@A 10155004     libucrt:mbtowc.obj
 0003:00138014       ?enable_percent_n@@3IA     10155014     libucrt:printf_count_output.obj
 0003:0013822c       ?user_matherr@@3V?$dual_state_global@P6AHPAU_exception@@@Z@__crt_state_management@@A 1015522c     libucrt:matherr.obj
 0003:00138230       ?__acrt_lock_table@@3PAU_RTL_CRITICAL_SECTION@@A 10155230     libucrt:locks.obj
 0003:00138380       ?__acrt_locks_initialized@@3IA 10155380     libucrt:locks.obj
 0003:00138390       ?fSystemSet@@3HA           10155390     libucrt:mbctype.obj
 0003:00138394       ?initialized@?1??__acrt_initialize_multibyte@@9@4_NA 10155394     libucrt:mbctype.obj
 0003:001383b0       ?module_handles@@3PAPAUHINSTANCE__@@A 101553b0     libucrt:winapi_thunks.obj
 0003:00138400       ?encoded_function_pointers@@3PAPAXA 10155400     libucrt:winapi_thunks.obj
 0003:0013848c       ?__acrt_new_handler@@3V?$dual_state_global@P6AHI@Z@__crt_state_management@@A 1015548c     libucrt:new_handler.obj
 0003:00138490       ?ctrlc_action@@3V?$dual_state_global@P6AXH@Z@__crt_state_management@@A 10155490     libucrt:signal.obj
 0003:00138494       ?ctrlbreak_action@@3V?$dual_state_global@P6AXH@Z@__crt_state_management@@A 10155494     libucrt:signal.obj
 0003:00138498       ?abort_action@@3V?$dual_state_global@P6AXH@Z@__crt_state_management@@A 10155498     libucrt:signal.obj
 0003:0013849c       ?term_action@@3V?$dual_state_global@P6AXH@Z@__crt_state_management@@A 1015549c     libucrt:signal.obj
 0003:001384a0       ?__acrt_global_new_mode@@3V?$dual_state_global@J@__crt_state_management@@A 101554a0     libucrt:new_mode.obj
 0003:001384ac       ?internal_pst@?1??__mbrtoc32_utf8@__crt_mbstring@@YAIPA_UPBDIPAU_Mbstatet@@AAV__crt_cached_ptd_host@@@Z@4U3@A 101554ac     libucrt:mbrtoc32.obj
 0003:001384b4       ?__acrt_app_type@@3W4_crt_app_type@@A 101554b4     libucrt:report_runtime_error.obj
 0003:001384bc       __pmatherr_set             101554bc     libucrt:libm_error.obj
