 dinput8

 Timestamp is 6a93b31b (Sat Aug 29 21:35:39 2026)

 Preferred load address is 10000000

 Start         Length     Name                   Class
 0001:00000000 00009814H .text                   CODE
 0002:00000000 00000120H .idata$5                DATA
 0002:00000120 000015f8H .rdata                  DATA
 0002:00001720 00000008H .rdata$sxdata           DATA
 0002:00001728 00000004H .rtc$IAA                DATA
 0002:0000172c 00000004H .rtc$IZZ                DATA
 0002:00001730 00000004H .rtc$TAA                DATA
 0002:00001734 00000004H .rtc$TZZ                DATA
 0002:00001738 00000014H .idata$2                DATA
 0002:0000174c 00000014H .idata$3                DATA
 0002:00001760 00000120H .idata$4                DATA
 0002:00001880 00000510H .idata$6                DATA
 0002:00001d90 00000051H .edata                  DATA
 0003:00000000 00000004H .CRT$XCA                DATA
 0003:00000004 00000004H .CRT$XCAA               DATA
 0003:00000008 00000004H .CRT$XCZ                DATA
 0003:0000000c 00000004H .CRT$XIA                DATA
 0003:00000010 0000000cH .CRT$XIC                DATA
 0003:0000001c 00000004H .CRT$XIZ                DATA
 0003:00000020 00000004H .CRT$XPA                DATA
 0003:00000024 00000004H .CRT$XPX                DATA
 0003:00000028 00000004H .CRT$XPZ                DATA
 0003:0000002c 00000004H .CRT$XTA                DATA
 0003:00000030 00000004H .CRT$XTZ                DATA
 0003:00000040 00000ea0H .data                   DATA
 0003:00000ee0 000171f8H .bss                    DATA

  Address         Publics by Value              Rva+Base     Lib:Object

 0000:00000000       __except_list              00000000     <absolute>
 0000:00000002       ___safe_se_handler_count   00000002     <absolute>
 0001:00001b10       _DirectInput8Create@20     10002b10 f   bfme60fps_time_scheduler.obj
 0001:00001b60       _DllMain@12                10002b60 f   bfme60fps_time_scheduler.obj
 0001:00001b68       __fpclear                  10002b68 f   LIBCMT:fpinit.obj
 0001:00001b69       __cfltcvt_init             10002b69 f   LIBCMT:fpinit.obj
 0001:00001ba1       __fpmath                   10002ba1 f   LIBCMT:fpinit.obj
 0001:00001bc0       __ftol2                    10002bc0 f   LIBCMT:ftol2.obj
 0001:00001c35       __snprintf                 10002c35 f   LIBCMT:snprintf.obj
 0001:00001c8c       __CRT_INIT@12              10002c8c f   LIBCMT:dllcrt0.obj
 0001:00001e0d       __DllMainCRTStartup@12     10002e0d f   LIBCMT:dllcrt0.obj
 0001:00001ef1       __amsg_exit                10002ef1 f   LIBCMT:dllcrt0.obj
 0001:00001f24       __forcdecpt                10002f24 f   LIBCMT:cvt.obj
 0001:00001f60       __cropzeros                10002f60 f   LIBCMT:cvt.obj
 0001:00001fab       __positive                 10002fab f   LIBCMT:cvt.obj
 0001:00001fc5       __fassign                  10002fc5 f   LIBCMT:cvt.obj
 0001:000020ce       __cftoe                    100030ce f   LIBCMT:cvt.obj
 0001:000021d6       __cftof                    100031d6 f   LIBCMT:cvt.obj
 0001:00002238       __cftog                    10003238 f   LIBCMT:cvt.obj
 0001:000022d2       __cfltcvt                  100032d2 f   LIBCMT:cvt.obj
 0001:00002323       __setdefaultprecision      10003323 f   LIBCMT:fp8.obj
 0001:00002335       __ms_p5_test_fdiv          10003335 f   LIBCMT:testfdiv.obj
 0001:00002375       __ms_p5_mp_test_fdiv       10003375 f   LIBCMT:testfdiv.obj
 0001:0000239e       __flsbuf                   1000339e f   LIBCMT:_flsbuf.obj
 0001:00002545       __output                   10003545 f   LIBCMT:output.obj
 0001:00002d3f       ___crtExitProcess          10003d3f f   LIBCMT:crt0dat.obj
 0001:00002d6f       __lockexit                 10003d6f f   LIBCMT:crt0dat.obj
 0001:00002d78       __unlockexit               10003d78 f   LIBCMT:crt0dat.obj
 0001:00002d99       __cinit                    10003d99 f   LIBCMT:crt0dat.obj
 0001:00002ec6       __exit                     10003ec6 f   LIBCMT:crt0dat.obj
 0001:00002ed7       __cexit                    10003ed7 f   LIBCMT:crt0dat.obj
 0001:00002ee6       ___crtTlsAlloc@4           10003ee6 f   LIBCMT:tidtable.obj
 0001:00002eef       __mtterm                   10003eef f   LIBCMT:tidtable.obj
 0001:00002f0c       __initptd                  10003f0c f   LIBCMT:tidtable.obj
 0001:00002f1f       __getptd                   10003f1f f   LIBCMT:tidtable.obj
 0001:00002f90       __freefls@4                10003f90 f   LIBCMT:tidtable.obj
 0001:000030d7       __freeptd                  100040d7 f   LIBCMT:tidtable.obj
 0001:00003106       __mtinit                   10004106 f   LIBCMT:tidtable.obj
 0001:000031f5       _free                      100041f5 f   LIBCMT:free.obj
 0001:00003266       _calloc                    10004266 f   LIBCMT:calloc.obj
 0001:00003321       __ioinit                   10004321 f   LIBCMT:ioinit.obj
 0001:0000351f       __ioterm                   1000451f f   LIBCMT:ioinit.obj
 0001:0000356b       __setenvp                  1000456b f   LIBCMT:stdenvp.obj
 0001:0000379e       __setargv                  1000479e f   LIBCMT:stdargv.obj
 0001:00003840       ___crtGetEnvironmentStringsA 10004840 f   LIBCMT:a_env.obj
 0001:00003962       __RTC_Initialize           10004962 f   LIBCMT:initsect.obj
 0001:000039a6       __RTC_Terminate            100049a6 f   LIBCMT:initsect.obj
 0001:000039ea       ___heap_select             100049ea f   LIBCMT:heapinit.obj
 0001:00003a04       __heap_init                10004a04 f   LIBCMT:heapinit.obj
 0001:00003a55       __heap_term                10004a55 f   LIBCMT:heapinit.obj
 0001:00003ae0       __chkstk                   10004ae0 f   LIBCMT:chkstk.obj
 0001:00003ae0       __alloca_probe             10004ae0     LIBCMT:chkstk.obj
 0001:00003b1d       __XcptFilter               10004b1d f   LIBCMT:winxfltr.obj
 0001:00003c81       ___CppXcptFilter           10004c81 f   LIBCMT:winxfltr.obj
 0001:00003c9c       __SEH_prolog               10004c9c f   LIBCMT:sehprolg.obj
 0001:00003cd7       __SEH_epilog               10004cd7 f   LIBCMT:sehprolg.obj
 0001:00003cf0       __except_handler3          10004cf0 f   LIBCMT:exsup3.obj
 0001:00003dd6       __seh_longjmp_unwind@4     10004dd6 f   LIBCMT:exsup3.obj
 0001:00003df1       __NMSG_WRITE               10004df1 f   LIBCMT:crt0msg.obj
 0001:00003f68       __FF_MSGBANNER             10004f68 f   LIBCMT:crt0msg.obj
 0001:00003fa1       _isdigit                   10004fa1 f   LIBCMT:_ctype.obj
 0001:00003fdb       ___tolower_mt              10004fdb f   LIBCMT:tolower.obj
 0001:000040a3       _tolower                   100050a3 f   LIBCMT:tolower.obj
 0001:000040c5       __ZeroTail                 100050c5 f   LIBCMT:intrncvt.obj
 0001:000040f7       __IncMan                   100050f7 f   LIBCMT:intrncvt.obj
 0001:00004144       __RoundMan                 10005144 f   LIBCMT:intrncvt.obj
 0001:000041b6       __CopyMan                  100051b6 f   LIBCMT:intrncvt.obj
 0001:000041d1       __IsZeroMan                100051d1 f   LIBCMT:intrncvt.obj
 0001:000041ea       __ShrMan                   100051ea f   LIBCMT:intrncvt.obj
 0001:00004265       __ld12cvt                  10005265 f   LIBCMT:intrncvt.obj
 0001:000043bd       __ld12tod                  100053bd f   LIBCMT:intrncvt.obj
 0001:000043d3       __ld12tof                  100053d3 f   LIBCMT:intrncvt.obj
 0001:000043e9       __atodbl                   100053e9 f   LIBCMT:intrncvt.obj
 0001:00004426       __atoflt                   10005426 f   LIBCMT:intrncvt.obj
 0001:00004470       _memmove                   10005470 f   LIBCMT:memmove.obj
 0001:000047b0       _strlen                    100057b0 f   LIBCMT:strlen.obj
 0001:00004840       _strcpy                    10005840 f   LIBCMT:strcat.obj
 0001:00004850       _strcat                    10005850 f   LIBCMT:strcat.obj
 0001:00004938       __fptostr                  10005938 f   LIBCMT:_fptostr.obj
 0001:000049af       ___dtold                   100059af f   LIBCMT:cfout.obj
 0001:00004a69       __fltout2                  10005a69 f   LIBCMT:cfout.obj
 0001:00004b06       @__security_check_cookie@4 10005b06 f   LIBCMT:secchk.obj
 0001:00004b20       _memset                    10005b20 f   LIBCMT:memset.obj
 0001:00004b80       __fptrap                   10005b80 f   LIBCMT:crt0fp.obj
 0001:00004ca9       __control87                10005ca9 f   LIBCMT:ieee87.obj
 0001:00004cdb       __controlfp                10005cdb f   LIBCMT:ieee87.obj
 0001:00004cf1       __lseek_lk                 10005cf1 f   LIBCMT:lseek.obj
 0001:00004d65       __lseek                    10005d65 f   LIBCMT:lseek.obj
 0001:00004e10       __write_lk                 10005e10 f   LIBCMT:write.obj
 0001:00004fde       __write                    10005fde f   LIBCMT:write.obj
 0001:00005089       __getbuf                   10006089 f   LIBCMT:_getbuf.obj
 0001:000050cd       __isatty                   100060cd f   LIBCMT:isatty.obj
 0001:000050f7       ___initstdio               100060f7 f   LIBCMT:_file.obj
 0001:000051a0       ___endstdio                100061a0 f   LIBCMT:_file.obj
 0001:000051b4       __lock_file                100061b4 f   LIBCMT:_file.obj
 0001:000051e3       __lock_file2               100061e3 f   LIBCMT:_file.obj
 0001:00005206       __unlock_file              10006206 f   LIBCMT:_file.obj
 0001:00005235       __unlock_file2             10006235 f   LIBCMT:_file.obj
 0001:00005258       __heap_alloc               10006258 f   LIBCMT:malloc.obj
 0001:000052d3       __nh_malloc                100062d3 f   LIBCMT:malloc.obj
 0001:000052ff       _malloc                    100062ff f   LIBCMT:malloc.obj
 0001:00005311       ___wctomb_mt               10006311 f   LIBCMT:wctomb.obj
 0001:00005371       _wctomb                    10006371 f   LIBCMT:wctomb.obj
 0001:000053a0       __aulldvrm                 100063a0 f   LIBCMT:ulldvrm.obj
 0001:00005435       __mtinitlocks              10006435 f   LIBCMT:mlock.obj
 0001:0000547e       __mtdeletelocks            1000647e f   LIBCMT:mlock.obj
 0001:000054d3       __unlock                   100064d3 f   LIBCMT:mlock.obj
 0001:000054e8       __mtinitlocknum            100064e8 f   LIBCMT:mlock.obj
 0001:00005588       __lock                     10006588 f   LIBCMT:mlock.obj
 0001:00005639       ___onexitinit              10006639 f   LIBCMT:onexit.obj
 0001:00005661       __onexit                   10006661 f   LIBCMT:onexit.obj
 0001:00005699       _atexit                    10006699 f   LIBCMT:onexit.obj
 0001:000056ab       ___freetlocinfo            100066ab f   LIBCMT:setlocal.obj
 0001:0000583c       ___updatetlocinfo          1000683c f   LIBCMT:setlocal.obj
 0001:00005beb       __setmbcp                  10006beb f   LIBCMT:mbctype.obj
 0001:00005d3b       ___initmbctable            10006d3b f   LIBCMT:mbctype.obj
 0001:00005d59       ___sbh_heap_init           10006d59 f   LIBCMT:sbheap.obj
 0001:00005da1       ___sbh_find_block          10006da1 f   LIBCMT:sbheap.obj
 0001:00005dcc       ___sbh_free_block          10006dcc f   LIBCMT:sbheap.obj
 0001:000060e4       ___sbh_alloc_new_region    100070e4 f   LIBCMT:sbheap.obj
 0001:0000619b       ___sbh_alloc_new_group     1000719b f   LIBCMT:sbheap.obj
 0001:000062a1       ___sbh_resize_block        100072a1 f   LIBCMT:sbheap.obj
 0001:00006580       ___sbh_alloc_block         10007580 f   LIBCMT:sbheap.obj
 0001:0000687c       __callnewh                 1000787c f   LIBCMT:handler.obj
 0001:000068a7       ___crtInitCritSecAndSpinCount 100078a7 f   LIBCMT:initcrit.obj
 0001:00006940       _memcpy                    10007940 f   LIBCMT:memcpy.obj
 0001:00006c80       __global_unwind2           10007c80 f   LIBCMT:exsup.obj
 0001:00006cc2       __local_unwind2            10007cc2 f   LIBCMT:exsup.obj
 0001:00006d1a       __NLG_Return2              10007d1a     LIBCMT:exsup.obj
 0001:00006d2a       __abnormal_termination     10007d2a f   LIBCMT:exsup.obj
 0001:00006d4d       __NLG_Notify1              10007d4d f   LIBCMT:exsup.obj
 0001:00006d56       __NLG_Notify               10007d56 f   LIBCMT:exsup.obj
 0001:00006d69       __NLG_Dispatch             10007d69     LIBCMT:exsup.obj
 0001:00006d6e       __ValidateEH3RN            10007d6e f   LIBCMT:eh3valid.obj
 0001:00006f97       ___crtMessageBoxA          10007f97 f   LIBCMT:crtmbox.obj
 0001:00007090       _strncpy                   10008090 f   LIBCMT:strncpy.obj
 0001:000071b4       ___isctype_mt              100081b4 f   LIBCMT:isctype.obj
 0001:0000722b       ___crtLCMapStringA         1000822b f   LIBCMT:a_map.obj
 0001:000075e7       ___addl                    100085e7 f   LIBCMT:mantold.obj
 0001:00007608       ___add_12                  10008608 f   LIBCMT:mantold.obj
 0001:00007666       ___shl_12                  10008666 f   LIBCMT:mantold.obj
 0001:00007694       ___shr_12                  10008694 f   LIBCMT:mantold.obj
 0001:000076c1       ___mtold12                 100086c1 f   LIBCMT:mantold.obj
 0001:0000779f       ___strgtold12              1000879f f   LIBCMT:strgtold.obj
 0001:00007bd3       _$I10_OUTPUT               10008bd3 f   LIBCMT:x10fout.obj
 0001:00007e61       ___security_init_cookie    10008e61 f   LIBCMT:seccinit.obj
 0001:00007ec7       ___security_error_handler  10008ec7 f   LIBCMT:secfail.obj
 0001:0000800f       __errno                    1000900f f   LIBCMT:dosmap.obj
 0001:00008018       ___doserrno                10009018 f   LIBCMT:dosmap.obj
 0001:00008021       __dosmaperr                10009021 f   LIBCMT:dosmap.obj
 0001:00008094       __free_osfhnd              10009094 f   LIBCMT:osfinfo.obj
 0001:00008113       __get_osfhandle            10009113 f   LIBCMT:osfinfo.obj
 0001:00008154       __lock_fhandle             10009154 f   LIBCMT:osfinfo.obj
 0001:000081f4       __unlock_fhandle           100091f4 f   LIBCMT:osfinfo.obj
 0001:00008216       __lseeki64_lk              10009216 f   LIBCMT:lseeki64.obj
 0001:00008299       __fcloseall                10009299 f   LIBCMT:closeall.obj
 0001:00008334       __flush                    10009334 f   LIBCMT:fflush.obj
 0001:00008391       __fflush_lk                10009391 f   LIBCMT:fflush.obj
 0001:00008494       __flushall                 10009494 f   LIBCMT:fflush.obj
 0001:0000849d       _realloc                   1000949d f   LIBCMT:realloc.obj
 0001:0000864a       __msize                    1000964a f   LIBCMT:msize.obj
 0001:000086c0       ___free_lc_time            100096c0 f   LIBCMT:inittime.obj
 0001:00008850       ___free_lconv_num          10009850 f   LIBCMT:initnum.obj
 0001:000088af       ___free_lconv_mon          100098af f   LIBCMT:initmon.obj
 0001:00008990       _strcspn                   10009990 f   LIBCMT:strcspn.obj
 0001:000089e0       _strcmp                    100099e0 f   LIBCMT:strcmp.obj
 0001:00008a70       _memcmp                    10009a70 f   LIBCMT:memcmp.obj
 0001:00008b28       ___crtGetStringTypeA       10009b28 f   LIBCMT:a_str.obj
 0001:00008cf0       _strncmp                   10009cf0 f   LIBCMT:strncmp.obj
 0001:00008d30       _strpbrk                   10009d30 f   LIBCMT:strpbrk.obj
 0001:00008d70       ___ansicp                  10009d70 f   LIBCMT:convrtcp.obj
 0001:00008db3       ___convertcp               10009db3 f   LIBCMT:convrtcp.obj
 0001:00008f7c       __resetstkoflw             10009f7c f   LIBCMT:resetstk.obj
 0001:0000905f       ___ld12mul                 1000a05f f   LIBCMT:tenpow.obj
 0001:00009291       ___multtenpow12            1000a291 f   LIBCMT:tenpow.obj
 0001:00009317       __fclose_lk                1000a317 f   LIBCMT:fclose.obj
 0001:00009363       _fclose                    1000a363 f   LIBCMT:fclose.obj
 0001:000093b4       __commit                   1000a3b4 f   LIBCMT:commit.obj
 0001:00009470       ___ascii_stricmp           1000a470 f   LIBCMT:_stricmp.obj
 0001:000094be       _atol                      1000a4be f   LIBCMT:atox.obj
 0001:00009546       __close_lk                 1000a546 f   LIBCMT:close.obj
 0001:000095c9       __close                    1000a5c9 f   LIBCMT:close.obj
 0001:00009664       __freebuf                  1000a664 f   LIBCMT:_freebuf.obj
 0001:00009690       __allmul                   1000a690 f   LIBCMT:llmul.obj
 0001:000096d0       ___ascii_strnicmp          1000a6d0 f   LIBCMT:_strnicm.obj
 0001:00009750       _strchr                    1000a750 f   LIBCMT:strchr.obj
 0001:00009756       ___from_strstr_to_strchr   1000a756     LIBCMT:strchr.obj
 0001:0000980e       _RtlUnwind@16              1000a80e f   kernel32:KERNEL32.dll
 0002:00000000       __imp__InterlockedIncrement@4 1000b000     kernel32:KERNEL32.dll
 0002:00000004       __imp__VirtualProtect@16   1000b004     kernel32:KERNEL32.dll
 0002:00000008       __imp__FlushInstructionCache@12 1000b008     kernel32:KERNEL32.dll
 0002:0000000c       __imp__GetCurrentProcess@0 1000b00c     kernel32:KERNEL32.dll
 0002:00000010       __imp__VirtualAlloc@16     1000b010     kernel32:KERNEL32.dll
 0002:00000014       __imp__WriteFile@20        1000b014     kernel32:KERNEL32.dll
 0002:00000018       __imp__SetFilePointer@16   1000b018     kernel32:KERNEL32.dll
 0002:0000001c       __imp__GetFileSize@8       1000b01c     kernel32:KERNEL32.dll
 0002:00000020       __imp__CreateFileA@28      1000b020     kernel32:KERNEL32.dll
 0002:00000024       __imp__GetTickCount@0      1000b024     kernel32:KERNEL32.dll
 0002:00000028       __imp__InterlockedExchange@8 1000b028     kernel32:KERNEL32.dll
 0002:0000002c       __imp__QueryPerformanceCounter@4 1000b02c     kernel32:KERNEL32.dll
 0002:00000030       __imp__QueryPerformanceFrequency@4 1000b030     kernel32:KERNEL32.dll
 0002:00000034       __imp__CloseHandle@4       1000b034     kernel32:KERNEL32.dll
 0002:00000038       __imp__InterlockedCompareExchange@12 1000b038     kernel32:KERNEL32.dll
 0002:0000003c       __imp__GetModuleHandleA@4  1000b03c     kernel32:KERNEL32.dll
 0002:00000040       __imp__Sleep@4             1000b040     kernel32:KERNEL32.dll
 0002:00000044       __imp__GetProcAddress@8    1000b044     kernel32:KERNEL32.dll
 0002:00000048       __imp__LoadLibraryA@4      1000b048     kernel32:KERNEL32.dll
 0002:0000004c       __imp__lstrcatA@8          1000b04c     kernel32:KERNEL32.dll
 0002:00000050       __imp__GetSystemDirectoryA@8 1000b050     kernel32:KERNEL32.dll
 0002:00000054       __imp__CreateThread@24     1000b054     kernel32:KERNEL32.dll
 0002:00000058       __imp__GetCurrentThreadId@0 1000b058     kernel32:KERNEL32.dll
 0002:0000005c       __imp__GetCommandLineA@0   1000b05c     kernel32:KERNEL32.dll
 0002:00000060       __imp__GetVersionExA@4     1000b060     kernel32:KERNEL32.dll
 0002:00000064       __imp__ExitProcess@4       1000b064     kernel32:KERNEL32.dll
 0002:00000068       __imp__TerminateProcess@8  1000b068     kernel32:KERNEL32.dll
 0002:0000006c       __imp__TlsAlloc@0          1000b06c     kernel32:KERNEL32.dll
 0002:00000070       __imp__SetLastError@4      1000b070     kernel32:KERNEL32.dll
 0002:00000074       __imp__GetLastError@0      1000b074     kernel32:KERNEL32.dll
 0002:00000078       __imp__TlsFree@4           1000b078     kernel32:KERNEL32.dll
 0002:0000007c       __imp__TlsSetValue@8       1000b07c     kernel32:KERNEL32.dll
 0002:00000080       __imp__TlsGetValue@4       1000b080     kernel32:KERNEL32.dll
 0002:00000084       __imp__HeapFree@12         1000b084     kernel32:KERNEL32.dll
 0002:00000088       __imp__HeapAlloc@12        1000b088     kernel32:KERNEL32.dll
 0002:0000008c       __imp__SetHandleCount@4    1000b08c     kernel32:KERNEL32.dll
 0002:00000090       __imp__GetStdHandle@4      1000b090     kernel32:KERNEL32.dll
 0002:00000094       __imp__GetFileType@4       1000b094     kernel32:KERNEL32.dll
 0002:00000098       __imp__GetStartupInfoA@4   1000b098     kernel32:KERNEL32.dll
 0002:0000009c       __imp__DeleteCriticalSection@4 1000b09c     kernel32:KERNEL32.dll
 0002:000000a0       __imp__GetModuleFileNameA@12 1000b0a0     kernel32:KERNEL32.dll
 0002:000000a4       __imp__FreeEnvironmentStringsA@4 1000b0a4     kernel32:KERNEL32.dll
 0002:000000a8       __imp__GetEnvironmentStrings@0 1000b0a8     kernel32:KERNEL32.dll
 0002:000000ac       __imp__FreeEnvironmentStringsW@4 1000b0ac     kernel32:KERNEL32.dll
 0002:000000b0       __imp__WideCharToMultiByte@32 1000b0b0     kernel32:KERNEL32.dll
 0002:000000b4       __imp__GetEnvironmentStringsW@0 1000b0b4     kernel32:KERNEL32.dll
 0002:000000b8       __imp__HeapDestroy@4       1000b0b8     kernel32:KERNEL32.dll
 0002:000000bc       __imp__HeapCreate@12       1000b0bc     kernel32:KERNEL32.dll
 0002:000000c0       __imp__VirtualFree@12      1000b0c0     kernel32:KERNEL32.dll
 0002:000000c4       __imp__UnhandledExceptionFilter@4 1000b0c4     kernel32:KERNEL32.dll
 0002:000000c8       __imp__EnterCriticalSection@4 1000b0c8     kernel32:KERNEL32.dll
 0002:000000cc       __imp__LeaveCriticalSection@4 1000b0cc     kernel32:KERNEL32.dll
 0002:000000d0       __imp__GetACP@0            1000b0d0     kernel32:KERNEL32.dll
 0002:000000d4       __imp__GetOEMCP@0          1000b0d4     kernel32:KERNEL32.dll
 0002:000000d8       __imp__GetCPInfo@8         1000b0d8     kernel32:KERNEL32.dll
 0002:000000dc       __imp__HeapReAlloc@16      1000b0dc     kernel32:KERNEL32.dll
 0002:000000e0       __imp__InitializeCriticalSection@4 1000b0e0     kernel32:KERNEL32.dll
 0002:000000e4       __imp__RtlUnwind@16        1000b0e4     kernel32:KERNEL32.dll
 0002:000000e8       __imp__VirtualQuery@12     1000b0e8     kernel32:KERNEL32.dll
 0002:000000ec       __imp__LCMapStringA@24     1000b0ec     kernel32:KERNEL32.dll
 0002:000000f0       __imp__MultiByteToWideChar@24 1000b0f0     kernel32:KERNEL32.dll
 0002:000000f4       __imp__LCMapStringW@24     1000b0f4     kernel32:KERNEL32.dll
 0002:000000f8       __imp__GetCurrentProcessId@0 1000b0f8     kernel32:KERNEL32.dll
 0002:000000fc       __imp__GetSystemTimeAsFileTime@4 1000b0fc     kernel32:KERNEL32.dll
 0002:00000100       __imp__SetStdHandle@8      1000b100     kernel32:KERNEL32.dll
 0002:00000104       __imp__HeapSize@12         1000b104     kernel32:KERNEL32.dll
 0002:00000108       __imp__GetLocaleInfoA@16   1000b108     kernel32:KERNEL32.dll
 0002:0000010c       __imp__GetStringTypeA@20   1000b10c     kernel32:KERNEL32.dll
 0002:00000110       __imp__GetStringTypeW@16   1000b110     kernel32:KERNEL32.dll
 0002:00000114       __imp__GetSystemInfo@4     1000b114     kernel32:KERNEL32.dll
 0002:00000118       __imp__FlushFileBuffers@4  1000b118     kernel32:KERNEL32.dll
 0002:0000011c       \177KERNEL32_NULL_THUNK_DATA 1000b11c     kernel32:KERNEL32.dll
 0002:00000300       __real@3fb1111111111111    1000b300     bfme60fps_time_scheduler.obj
 0002:00000308       __real@4014000000000000    1000b308     bfme60fps_time_scheduler.obj
 0002:00000310       __real@402e000000000000    1000b310     bfme60fps_time_scheduler.obj
 0002:00000318       __real@408f400000000000    1000b318     bfme60fps_time_scheduler.obj
 0002:00000320       __real@0000000000000000    1000b320     bfme60fps_time_scheduler.obj
 0002:00000328       __real@3ff0000000000000    1000b328     bfme60fps_time_scheduler.obj
 0002:00000330       __real@4000000000000000    1000b330     bfme60fps_time_scheduler.obj
 0002:00000338       __real@403e000000000000    1000b338     bfme60fps_time_scheduler.obj
 0002:00000340       __real@3e112e0be826d695    1000b340     bfme60fps_time_scheduler.obj
 0002:00000348       __real@41f0000000000000    1000b348     bfme60fps_time_scheduler.obj
 0002:00000350       __real@3f800000            1000b350     bfme60fps_time_scheduler.obj
 0002:00000354       __real@00000000            1000b354     bfme60fps_time_scheduler.obj
 0002:00000358       ??_C@_07NFANNNEC@UNKNOWN?$AA@ 1000b358     bfme60fps_time_scheduler.obj
 0002:00000360       ??_C@_0BB@ENKFAPGM@LOW_FPS_SLOWDOWN?$AA@ 1000b360     bfme60fps_time_scheduler.obj
 0002:00000374       ??_C@_0BA@KABBGAJN@NETWORK_BLOCKED?$AA@ 1000b374     bfme60fps_time_scheduler.obj
 0002:00000384       ??_C@_0BE@IAONMGGM@SUSPENDED?1LARGE_GAP?$AA@ 1000b384     bfme60fps_time_scheduler.obj
 0002:00000398       ??_C@_0BD@PMDKFGAI@LOADING?1TRANSITION?$AA@ 1000b398     bfme60fps_time_scheduler.obj
 0002:000003ac       ??_C@_06EOENDFCC@PAUSED?$AA@ 1000b3ac     bfme60fps_time_scheduler.obj
 0002:000003b4       ??_C@_0BC@JKHGNJOP@ACTIVE_SIMULATION?$AA@ 1000b3b4     bfme60fps_time_scheduler.obj
 0002:000003c8       ??_C@_0BG@KKINCDOD@BFME_60FPS_TIMING?4log?$AA@ 1000b3c8     bfme60fps_time_scheduler.obj
 0002:000003e0       ??_C@_0BP@GCJPFOGP@C?3?2BFME1?2BFME_60FPS_TIMING?4log?$AA@ 1000b3e0     bfme60fps_time_scheduler.obj
 0002:00000400       ??_C@_0FH@HHLIDJGP@?$CFlu?0?$CF?46f?0?$CF?43f?0?$CFlu?0?$CFlu?0?$CF?43f?0?$CF?43f?0@ 1000b400     bfme60fps_time_scheduler.obj
 0002:00000458       ??_C@_0N@CFKABOP@RESET_REBASE?$AA@ 1000b458     bfme60fps_time_scheduler.obj
 0002:00000468       __real@3fc999999999999a    1000b468     bfme60fps_time_scheduler.obj
 0002:00000470       __real@406e000000000000    1000b470     bfme60fps_time_scheduler.obj
 0002:00000478       ??_C@_0O@DNJEMLGD@DISCARDED_GAP?$AA@ 1000b478     bfme60fps_time_scheduler.obj
 0002:00000488       ??_C@_0BB@FLFKBDFD@LIFECYCLE_REBASE?$AA@ 1000b488     bfme60fps_time_scheduler.obj
 0002:0000049c       ??_C@_0BJ@CIHLJONC@NATIVE_PHASE1_PAUSE_GATE?$AA@ 1000b49c     bfme60fps_time_scheduler.obj
 0002:000004b8       ??_C@_07MKNKHPFD@NOT_DUE?$AA@ 1000b4b8     bfme60fps_time_scheduler.obj
 0002:000004c0       ??_C@_09HCBKOAJC@TIMER_DUE?$AA@ 1000b4c0     bfme60fps_time_scheduler.obj
 0002:000004cc       ??_C@_08PCNABPCD@INACTIVE?$AA@ 1000b4cc     bfme60fps_time_scheduler.obj
 0002:000004d8       ??_C@_08CKGDLFFJ@NO_LOGIC?$AA@ 1000b4d8     bfme60fps_time_scheduler.obj
 0002:000004e8       __real@3fe0000000000000    1000b4e8     bfme60fps_time_scheduler.obj
 0002:000004f0       __real@3fe8000000000000    1000b4f0     bfme60fps_time_scheduler.obj
 0002:000004f8       ??_C@_07DNMCHKDN@BLOCKED?$AA@ 1000b4f8     bfme60fps_time_scheduler.obj
 0002:00000500       ??_C@_07OKOGAKFG@ALLOWED?$AA@ 1000b500     bfme60fps_time_scheduler.obj
 0002:00000508       ??_C@_0CN@OIAPCJEC@C?3?2BFME1?2BFME_60FPS_TIME_SCHEDUL@ 1000b508     bfme60fps_time_scheduler.obj
 0002:00000538       ??_C@_0CI@ILMLFDIA@C?3?2BFME1?2BFME_60FPS_W3D_CLOCK_PR@ 1000b538     bfme60fps_time_scheduler.obj
 0002:00000560       ??_C@_0BD@IJCCAMHG@DirectInput8Create?$AA@ 1000b560     bfme60fps_time_scheduler.obj
 0002:00000574       ??_C@_0N@KHFDGPJ@?2dinput8?4dll?$AA@ 1000b574     bfme60fps_time_scheduler.obj
 0002:00000594       ??_C@_05KLBDPFGC@e?$CL000?$AA@ 1000b594     LIBCMT:cvt.obj
 0002:000005a0       __real@4150017ec0000000    1000b5a0     LIBCMT:testfdiv.obj
 0002:000005a8       __real@4147ffff80000000    1000b5a8     LIBCMT:testfdiv.obj
 0002:000005b0       ??_C@_0BK@NHEOCAHP@IsProcessorFeaturePresent?$AA@ 1000b5b0     LIBCMT:testfdiv.obj
 0002:000005cc       ??_C@_08CPNIBGIE@KERNEL32?$AA@ 1000b5cc     LIBCMT:testfdiv.obj
 0002:000005d8       ___lookuptable             1000b5d8     LIBCMT:output.obj
 0002:00000634       ??_C@_1O@CEDCILHN@?$AA?$CI?$AAn?$AAu?$AAl?$AAl?$AA?$CJ?$AA?$AA@ 1000b634     LIBCMT:output.obj
 0002:00000644       ??_C@_06OJHGLDPL@?$CInull?$CJ?$AA@ 1000b644     LIBCMT:output.obj
 0002:0000064c       ??_C@_0P@MIGLKIOC@CorExitProcess?$AA@ 1000b64c     LIBCMT:crt0dat.obj
 0002:0000065c       ??_C@_0M@MBOPBNBK@mscoree?4dll?$AA@ 1000b65c     LIBCMT:crt0dat.obj
 0002:00000690       ??_C@_07PEJMOBNF@FlsFree?$AA@ 1000b690     LIBCMT:tidtable.obj
 0002:00000698       ??_C@_0M@JCPCPOEF@FlsSetValue?$AA@ 1000b698     LIBCMT:tidtable.obj
 0002:000006a4       ??_C@_0M@GDNOONDI@FlsGetValue?$AA@ 1000b6a4     LIBCMT:tidtable.obj
 0002:000006b0       ??_C@_08KNHFBNJ@FlsAlloc?$AA@ 1000b6b0     LIBCMT:tidtable.obj
 0002:000006bc       ??_C@_0N@MDJJJHMB@kernel32?4dll?$AA@ 1000b6bc     LIBCMT:tidtable.obj
 0002:0000070c       ??_C@_0P@GGKDKEEG@runtime?5error?5?$AA@ 1000b70c     LIBCMT:crt0msg.obj
 0002:0000071c       ??_C@_02PCIJFNDE@?$AN?6?$AA@ 1000b71c     LIBCMT:crt0msg.obj
 0002:00000720       ??_C@_0O@MJNIPGOH@TLOSS?5error?$AN?6?$AA@ 1000b720     LIBCMT:crt0msg.obj
 0002:00000730       ??_C@_0N@BONNPDHF@SING?5error?$AN?6?$AA@ 1000b730     LIBCMT:crt0msg.obj
 0002:00000740       ??_C@_0P@MBDAJNE@DOMAIN?5error?$AN?6?$AA@ 1000b740     LIBCMT:crt0msg.obj
 0002:00000750       ??_C@_0KC@BDDGGBEJ@R6029?$AN?6?9?5This?5application?5cannot@ 1000b750     LIBCMT:crt0msg.obj
 0002:000007f4       ??_C@_0CF@KJDAIALP@R6028?$AN?6?9?5unable?5to?5initialize?5he@ 1000b7f4     LIBCMT:crt0msg.obj
 0002:0000081c       ??_C@_0DF@GAKBPDFP@R6027?$AN?6?9?5not?5enough?5space?5for?5lo@ 1000b81c     LIBCMT:crt0msg.obj
 0002:00000854       ??_C@_0DF@IBLNNAIG@R6026?$AN?6?9?5not?5enough?5space?5for?5st@ 1000b854     LIBCMT:crt0msg.obj
 0002:0000088c       ??_C@_0CG@IOHKGFNJ@R6025?$AN?6?9?5pure?5virtual?5function?5c@ 1000b88c     LIBCMT:crt0msg.obj
 0002:000008b4       ??_C@_0DF@JIJJFJDC@R6024?$AN?6?9?5not?5enough?5space?5for?5_o@ 1000b8b4     LIBCMT:crt0msg.obj
 0002:000008ec       ??_C@_0CJ@EGEJHFME@R6019?$AN?6?9?5unable?5to?5open?5console?5@ 1000b8ec     LIBCMT:crt0msg.obj
 0002:00000918       ??_C@_0CB@GNHNIELH@R6018?$AN?6?9?5unexpected?5heap?5error?$AN?6@ 1000b918     LIBCMT:crt0msg.obj
 0002:0000093c       ??_C@_0CN@FOLDKNG@R6017?$AN?6?9?5unexpected?5multithread?5@ 1000b93c     LIBCMT:crt0msg.obj
 0002:0000096c       ??_C@_0CM@FAHFJNHO@R6016?$AN?6?9?5not?5enough?5space?5for?5th@ 1000b96c     LIBCMT:crt0msg.obj
 0002:00000998       ??_C@_0JG@LBKMGKLD@?$AN?6This?5application?5has?5requested@ 1000b998     LIBCMT:crt0msg.obj
 0002:00000a30       ??_C@_0CM@FLCNIPKK@R6009?$AN?6?9?5not?5enough?5space?5for?5en@ 1000ba30     LIBCMT:crt0msg.obj
 0002:00000a5c       ??_C@_0CK@KMMJOAPP@R6008?$AN?6?9?5not?5enough?5space?5for?5ar@ 1000ba5c     LIBCMT:crt0msg.obj
 0002:00000a88       ??_C@_0CF@HOHMHDEK@R6002?$AN?6?9?5floating?5point?5not?5load@ 1000ba88     LIBCMT:crt0msg.obj
 0002:00000ab0       ??_C@_0CF@GOGNBNAK@Microsoft?5Visual?5C?$CL?$CL?5Runtime?5Lib@ 1000bab0     LIBCMT:crt0msg.obj
 0002:00000ad8       ??_C@_02PHMGELLB@?6?6?$AA@ 1000bad8     LIBCMT:crt0msg.obj
 0002:00000adc       ??_C@_0BK@OFGJDLJJ@Runtime?5Error?$CB?6?6Program?3?5?$AA@ 1000badc     LIBCMT:crt0msg.obj
 0002:00000af8       ??_C@_03KHICJKCI@?4?4?4?$AA@ 1000baf8     LIBCMT:crt0msg.obj
 0002:00000afc       ??_C@_0BH@DNAGHKFM@?$DMprogram?5name?5unknown?$DO?$AA@ 1000bafc     LIBCMT:crt0msg.obj
 0002:00000b58       ___newctype                1000bb58     LIBCMT:ctype.obj
 0002:00000e58       __wctype                   1000be58     LIBCMT:ctype.obj
 0002:0000121c       ??_C@_0CG@PKBDLMEO@InitializeCriticalSectionAndSpin@ 1000c21c     LIBCMT:initcrit.obj
 0002:00001254       ??_C@_0BI@DFKBFLJE@GetProcessWindowStation?$AA@ 1000c254     LIBCMT:crtmbox.obj
 0002:0000126c       ??_C@_0BK@CIDNPOGP@GetUserObjectInformationA?$AA@ 1000c26c     LIBCMT:crtmbox.obj
 0002:00001288       ??_C@_0BD@HHGDFDBJ@GetLastActivePopup?$AA@ 1000c288     LIBCMT:crtmbox.obj
 0002:0000129c       ??_C@_0BA@HNOPNCHB@GetActiveWindow?$AA@ 1000c29c     LIBCMT:crtmbox.obj
 0002:000012ac       ??_C@_0M@CHKKJDAI@MessageBoxA?$AA@ 1000c2ac     LIBCMT:crtmbox.obj
 0002:000012b8       ??_C@_0L@GMPLCCII@user32?4dll?$AA@ 1000c2b8     LIBCMT:crtmbox.obj
 0002:000012c4       ??_C@_13NOLLCAOD@?$AA?$AA?$AA?$AA@ 1000c2c4     LIBCMT:a_map.obj
 0002:000012ec       ??_C@_06IMKFLFPG@1?$CDQNAN?$AA@ 1000c2ec     LIBCMT:x10fout.obj
 0002:000012f4       ??_C@_05DNEBIAHO@1?$CDINF?$AA@ 1000c2f4     LIBCMT:x10fout.obj
 0002:000012fc       ??_C@_05PHHOCPM@1?$CDIND?$AA@ 1000c2fc     LIBCMT:x10fout.obj
 0002:00001304       ??_C@_06PGGFOGJG@1?$CDSNAN?$AA@ 1000c304     LIBCMT:x10fout.obj
 0002:0000130c       ??_C@_09KLGCKDOD@Program?3?5?$AA@ 1000c30c     LIBCMT:secfail.obj
 0002:00001318       ??_C@_0KA@JEHFIFGP@A?5buffer?5overrun?5has?5been?5detect@ 1000c318     LIBCMT:secfail.obj
 0002:000013b8       ??_C@_0BJ@MDEKIEOJ@Buffer?5overrun?5detected?$CB?$AA@ 1000c3b8     LIBCMT:secfail.obj
 0002:000013d8       ??_C@_0LB@BPLHHLFD@A?5security?5error?5of?5unknown?5caus@ 1000c3d8     LIBCMT:secfail.obj
 0002:0000148c       ??_C@_0CD@GMKACBEK@Unknown?5security?5failure?5detecte@ 1000c48c     LIBCMT:secfail.obj
 0002:00001514       ??_C@_08JCCMCCIL@HH?3mm?3ss?$AA@ 1000c514     LIBCMT:strftime.obj
 0002:00001520       ??_C@_0BE@CKGJFCPC@dddd?0?5MMMM?5dd?0?5yyyy?$AA@ 1000c520     LIBCMT:strftime.obj
 0002:00001534       ??_C@_08BPBNCDIB@MM?1dd?1yy?$AA@ 1000c534     LIBCMT:strftime.obj
 0002:00001540       ??_C@_02CJNFDJBF@PM?$AA@   1000c540     LIBCMT:strftime.obj
 0002:00001544       ??_C@_02DEDBPAFC@AM?$AA@   1000c544     LIBCMT:strftime.obj
 0002:00001548       ??_C@_08EDHMEBNP@December?$AA@ 1000c548     LIBCMT:strftime.obj
 0002:00001554       ??_C@_08HCHEGEOA@November?$AA@ 1000c554     LIBCMT:strftime.obj
 0002:00001560       ??_C@_07JJNFCEND@October?$AA@ 1000c560     LIBCMT:strftime.obj
 0002:00001568       ??_C@_09BHHEALKD@September?$AA@ 1000c568     LIBCMT:strftime.obj
 0002:00001574       ??_C@_06LBBHFDDG@August?$AA@ 1000c574     LIBCMT:strftime.obj
 0002:0000157c       ??_C@_04MIEPOIFP@July?$AA@ 1000c57c     LIBCMT:strftime.obj
 0002:00001584       ??_C@_04CNLMGBGM@June?$AA@ 1000c584     LIBCMT:strftime.obj
 0002:0000158c       ??_C@_05DMJDNLEJ@April?$AA@ 1000c58c     LIBCMT:strftime.obj
 0002:00001594       ??_C@_05HPCKOFNC@March?$AA@ 1000c594     LIBCMT:strftime.obj
 0002:0000159c       ??_C@_08GNJGEPFN@February?$AA@ 1000c59c     LIBCMT:strftime.obj
 0002:000015a8       ??_C@_07CGJPFGJA@January?$AA@ 1000c5a8     LIBCMT:strftime.obj
 0002:000015b0       ??_C@_03MKABNOCG@Dec?$AA@  1000c5b0     LIBCMT:strftime.obj
 0002:000015b4       ??_C@_03JPJOFNIA@Nov?$AA@  1000c5b4     LIBCMT:strftime.obj
 0002:000015b8       ??_C@_03BMAOKBAD@Oct?$AA@  1000c5b8     LIBCMT:strftime.obj
 0002:000015bc       ??_C@_03GGCAPAJC@Sep?$AA@  1000c5bc     LIBCMT:strftime.obj
 0002:000015c0       ??_C@_03IFJFEIGA@Aug?$AA@  1000c5c0     LIBCMT:strftime.obj
 0002:000015c4       ??_C@_03LBGABGKK@Jul?$AA@  1000c5c4     LIBCMT:strftime.obj
 0002:000015c8       ??_C@_03IDFGHECI@Jun?$AA@  1000c5c8     LIBCMT:strftime.obj
 0002:000015cc       ??_C@_03CNMDKL@May?$AA@    1000c5cc     LIBCMT:strftime.obj
 0002:000015d0       ??_C@_03LEOLGMJP@Apr?$AA@  1000c5d0     LIBCMT:strftime.obj
 0002:000015d4       ??_C@_03ODNJBKGA@Mar?$AA@  1000c5d4     LIBCMT:strftime.obj
 0002:000015d8       ??_C@_03HJBDCHOM@Feb?$AA@  1000c5d8     LIBCMT:strftime.obj
 0002:000015dc       ??_C@_03JIHJHPIE@Jan?$AA@  1000c5dc     LIBCMT:strftime.obj
 0002:000015e0       ??_C@_08INBOOONO@Saturday?$AA@ 1000c5e0     LIBCMT:strftime.obj
 0002:000015ec       ??_C@_06JECMNKMI@Friday?$AA@ 1000c5ec     LIBCMT:strftime.obj
 0002:000015f4       ??_C@_08HACCIKIA@Thursday?$AA@ 1000c5f4     LIBCMT:strftime.obj
 0002:00001600       ??_C@_09DLIGFAKA@Wednesday?$AA@ 1000c600     LIBCMT:strftime.obj
 0002:0000160c       ??_C@_07BAAGCFCM@Tuesday?$AA@ 1000c60c     LIBCMT:strftime.obj
 0002:00001614       ??_C@_06JLEDEDGH@Monday?$AA@ 1000c614     LIBCMT:strftime.obj
 0002:0000161c       ??_C@_06OOPIFAJ@Sunday?$AA@ 1000c61c     LIBCMT:strftime.obj
 0002:00001624       ??_C@_03FEFJNEK@Sat?$AA@   1000c624     LIBCMT:strftime.obj
 0002:00001628       ??_C@_03IDIOELNC@Fri?$AA@  1000c628     LIBCMT:strftime.obj
 0002:0000162c       ??_C@_03IOFIKPDN@Thu?$AA@  1000c62c     LIBCMT:strftime.obj
 0002:00001630       ??_C@_03MHOMLAJA@Wed?$AA@  1000c630     LIBCMT:strftime.obj
 0002:00001634       ??_C@_03NAGEINEP@Tue?$AA@  1000c634     LIBCMT:strftime.obj
 0002:00001638       ??_C@_03PDAGKDH@Mon?$AA@   1000c638     LIBCMT:strftime.obj
 0002:0000163c       ??_C@_03KOEHGMDN@Sun?$AA@  1000c63c     LIBCMT:strftime.obj
 0002:0000167c       ___dnames                  1000c67c     LIBCMT:timeset.obj
 0002:00001694       ___mnames                  1000c694     LIBCMT:timeset.obj
 0002:000016d0       __load_config_used         1000c6d0     LIBCMT:loadcfg.obj
 0002:00001720       ___safe_se_handler_table   1000c720     <linker-defined>
 0002:00001728       ___rtc_iaa                 1000c728     LIBCMT:initsect.obj
 0002:0000172c       ___rtc_izz                 1000c72c     LIBCMT:initsect.obj
 0002:00001730       ___rtc_taa                 1000c730     LIBCMT:initsect.obj
 0002:00001734       ___rtc_tzz                 1000c734     LIBCMT:initsect.obj
 0002:00001738       __IMPORT_DESCRIPTOR_KERNEL32 1000c738     kernel32:KERNEL32.dll
 0002:0000174c       __NULL_IMPORT_DESCRIPTOR   1000c74c     kernel32:KERNEL32.dll
 0003:00000000       ___xc_a                    1000d000     LIBCMT:crt0init.obj
 0003:00000008       ___xc_z                    1000d008     LIBCMT:crt0init.obj
 0003:0000000c       ___xi_a                    1000d00c     LIBCMT:crt0init.obj
 0003:0000001c       ___xi_z                    1000d01c     LIBCMT:crt0init.obj
 0003:00000020       ___xp_a                    1000d020     LIBCMT:crt0init.obj
 0003:00000028       ___xp_z                    1000d028     LIBCMT:crt0init.obj
 0003:0000002c       ___xt_a                    1000d02c     LIBCMT:crt0init.obj
 0003:00000030       ___xt_z                    1000d030     LIBCMT:crt0init.obj
 0003:0000006c       __fltused                  1000d06c     LIBCMT:fpinit.obj
 0003:00000070       __ldused                   1000d070     LIBCMT:fpinit.obj
 0003:00000074       __FPinit                   1000d074     LIBCMT:fpinit.obj
 0003:00000078       __FPmtinit                 1000d078     LIBCMT:fpinit.obj
 0003:0000007c       __FPmtterm                 1000d07c     LIBCMT:fpinit.obj
 0003:00000080       __aexit_rtn                1000d080     LIBCMT:dllcrt0.obj
 0003:00000084       __cfltcvt_tab              1000d084     LIBCMT:cmiscdat.obj
 0003:0000009c       ___nullstring              1000d09c     LIBCMT:output.obj
 0003:000000a0       ___wnullstring             1000d0a0     LIBCMT:output.obj
 0003:000000a4       ___tlsindex                1000d0a4     LIBCMT:tidtable.obj
 0003:000000a8       ___badioinfo               1000d0a8     LIBCMT:ioinit.obj
 0003:000000cc       __amblksiz                 1000d0cc     LIBCMT:heapinit.obj
 0003:000000d0       __XcptActTab               1000d0d0     LIBCMT:winxfltr.obj
 0003:00000148       __First_FPE_Indx           1000d148     LIBCMT:winxfltr.obj
 0003:0000014c       __Num_FPE                  1000d14c     LIBCMT:winxfltr.obj
 0003:00000150       __XcptActTabSize           1000d150     LIBCMT:winxfltr.obj
 0003:00000154       __XcptActTabCount          1000d154     LIBCMT:winxfltr.obj
 0003:000001f0       ___mb_cur_max              1000d1f0     LIBCMT:nlsdata1.obj
 0003:000001f4       ___decimal_point           1000d1f4     LIBCMT:nlsdata1.obj
 0003:000001f8       ___decimal_point_length    1000d1f8     LIBCMT:nlsdata1.obj
 0003:00000230       ___security_cookie         1000d230     LIBCMT:seccook.obj
 0003:00000240       __iob                      1000d240     LIBCMT:_file.obj
 0003:000004c0       __pctype                   1000d4c0     LIBCMT:ctype.obj
 0003:000004c4       __pwctype                  1000d4c4     LIBCMT:ctype.obj
 0003:000005f8       ___initiallocinfo          1000d5f8     LIBCMT:setlocal.obj
 0003:0000064c       ___ptlocinfo               1000d64c     LIBCMT:setlocal.obj
 0003:00000880       __NLG_Destination          1000d880     LIBCMT:exsup.obj
 0003:000009f8       ___lc_time_curr            1000d9f8     LIBCMT:strftime.obj
 0003:00000a00       ___lc_time_c               1000da00     LIBCMT:strftime.obj
 0003:00000ab8       ___lconv_static_decimal    1000dab8     LIBCMT:lconv.obj
 0003:00000abc       ___lconv_c                 1000dabc     LIBCMT:lconv.obj
 0003:00000aec       ___lconv                   1000daec     LIBCMT:lconv.obj
 0003:00000af0       ___lc_clike                1000daf0     LIBCMT:nlsdata2.obj
 0003:00000b00       __timezone                 1000db00     LIBCMT:timeset.obj
 0003:00000b04       __daylight                 1000db04     LIBCMT:timeset.obj
 0003:00000b08       __dstbias                  1000db08     LIBCMT:timeset.obj
 0003:00000b90       __tzname                   1000db90     LIBCMT:timeset.obj
 0003:00000bb0       __pow10pos                 1000dbb0     LIBCMT:constpow.obj
 0003:00000d10       __pow10neg                 1000dd10     LIBCMT:constpow.obj
 0003:00000e6c       __lpdays                   1000de6c     LIBCMT:days.obj
 0003:00000ea0       __days                     1000dea0     LIBCMT:days.obj
 0003:00016868       ___fastflag                10023868     LIBCMT:fpinit.obj
 0003:0001686c       __adjust_fdiv              1002386c     LIBCMT:fpinit.obj
 0003:00016874       __aenvptr                  10023874     LIBCMT:dllcrt0.obj
 0003:00016878       __wenvptr                  10023878     LIBCMT:dllcrt0.obj
 0003:0001687c       ___error_mode              1002387c     LIBCMT:dllcrt0.obj
 0003:00016880       ___app_type                10023880     LIBCMT:dllcrt0.obj
 0003:00016884       __umaskval                 10023884     LIBCMT:crt0dat.obj
 0003:00016888       __osplatform               10023888     LIBCMT:crt0dat.obj
 0003:0001688c       __osver                    1002388c     LIBCMT:crt0dat.obj
 0003:00016890       __winver                   10023890     LIBCMT:crt0dat.obj
 0003:00016894       __winmajor                 10023894     LIBCMT:crt0dat.obj
 0003:00016898       __winminor                 10023898     LIBCMT:crt0dat.obj
 0003:0001689c       ___argc                    1002389c     LIBCMT:crt0dat.obj
 0003:000168a0       ___argv                    100238a0     LIBCMT:crt0dat.obj
 0003:000168a4       ___wargv                   100238a4     LIBCMT:crt0dat.obj
 0003:000168a8       __environ                  100238a8     LIBCMT:crt0dat.obj
 0003:000168ac       ___initenv                 100238ac     LIBCMT:crt0dat.obj
 0003:000168b0       __wenviron                 100238b0     LIBCMT:crt0dat.obj
 0003:000168b4       ___winitenv                100238b4     LIBCMT:crt0dat.obj
 0003:000168b8       __pgmptr                   100238b8     LIBCMT:crt0dat.obj
 0003:000168bc       __wpgmptr                  100238bc     LIBCMT:crt0dat.obj
 0003:000168c0       __exitflag                 100238c0     LIBCMT:crt0dat.obj
 0003:000168c4       __C_Termination_Done       100238c4     LIBCMT:crt0dat.obj
 0003:000168c8       __C_Exit_Done              100238c8     LIBCMT:crt0dat.obj
 0003:000168cc       _gpFlsAlloc                100238cc     LIBCMT:tidtable.obj
 0003:000168d0       _gpFlsGetValue             100238d0     LIBCMT:tidtable.obj
 0003:000168d4       _gpFlsSetValue             100238d4     LIBCMT:tidtable.obj
 0003:000168d8       _gpFlsFree                 100238d8     LIBCMT:tidtable.obj
 0003:000169ec       __adbgmsg                  100239ec     LIBCMT:crt0msg.obj
 0003:000169f0       __cflush                   100239f0     LIBCMT:_file.obj
 0003:00016b58       ?_pnhHeap@@3P6AHI@ZA       10023b58     LIBCMT:handler.obj
 0003:00016b5c       __newmode                  10023b5c     LIBCMT:_newmode.obj
 0003:00016be4       ___lconv_static_null       10023be4     LIBCMT:lconv.obj
 0003:00016be8       ___lc_time_intl            10023be8     LIBCMT:inittime.obj
 0003:00016bec       ___lconv_intl              10023bec     LIBCMT:initmon.obj
 0003:00016c14       ___lc_handle               10023c14     LIBCMT:nlsdata2.obj
 0003:00016c2c       ___lc_codepage             10023c2c     LIBCMT:nlsdata2.obj
 0003:00016c30       ___lc_collate_cp           10023c30     LIBCMT:nlsdata2.obj
 0003:00016c38       ___lc_id                   10023c38     LIBCMT:nlsdata3.obj
 0003:00016d2c       ___ctype1_refcount         10023d2c     <common>
 0003:00016d30       ___lconv_mon_refcount      10023d30     <common>
 0003:00016d34       ___lconv_num_refcount      10023d34     <common>
 0003:00016d38       ___sbh_pHeaderDefer        10023d38     <common>
 0003:00016d3c       ___sbh_cntHeaderList       10023d3c     <common>
 0003:00016d40       ___sbh_pHeaderList         10023d40     <common>
 0003:00016d44       ___sbh_threshold           10023d44     <common>
 0003:00016d48       ___sbh_pHeaderScan         10023d48     <common>
 0003:00016d4c       ___sbh_sizeHeaderList      10023d4c     <common>
 0003:00016d50       ___sbh_indGroupDefer       10023d50     <common>
 0003:00016d54       ___mblcid                  10023d54     <common>
 0003:00016d58       ___ptmbcinfo               10023d58     <common>
 0003:00016d5c       ___ismbcodepage            10023d5c     <common>
 0003:00016d60       __mbctype                  10023d60     <common>
 0003:00016e64       ___mbcodepage              10023e64     <common>
 0003:00016e70       ___mbulinfo                10023e70     <common>
 0003:00016e80       __mbcasemap                10023e80     <common>
 0003:00016f80       ___piob                    10023f80     <common>
 0003:00016fa0       __bufin                    10023fa0     <common>
 0003:00017fa0       __nstream                  10024fa0     <common>
 0003:00017fa4       __crtheap                  10024fa4     <common>
 0003:00017fa8       ___active_heap             10024fa8     <common>
 0003:00017fac       __nhandle                  10024fac     <common>
 0003:00017fc0       ___pioinfo                 10024fc0     <common>
 0003:000180c0       ___env_initialized         100250c0     <common>
 0003:000180c4       ___onexitend               100250c4     <common>
 0003:000180c8       ___onexitbegin             100250c8     <common>
 0003:000180cc       ___mbctype_initialized     100250cc     <common>
 0003:000180d0       __acmdln                   100250d0     <common>
 0003:000180d4       __pRawDllMain              100250d4     <common>

 entry point at        0001:00001e0d

 Static symbols

 0001:00000000       _bfme_visual_slowdown      10001000 f   bfme60fps_time_scheduler.obj
 0001:00000050       _bfme_legacy_frame_scale   10001050 f   bfme60fps_time_scheduler.obj
 0001:000000c0       _bfme_scheduler_advance    100010c0 f   bfme60fps_time_scheduler.obj
 0001:000001d0       _scaled_w3d_clock@8        100011d0 f   bfme60fps_time_scheduler.obj
 0001:00000320       _hook_sync                 10001320 f   bfme60fps_time_scheduler.obj
 0001:00000490       _timing_class_name         10001490 f   bfme60fps_time_scheduler.obj
 0001:000004e0       _open_timing_log           100014e0 f   bfme60fps_time_scheduler.obj
 0001:00000580       _log_timing                10001580 f   bfme60fps_time_scheduler.obj
 0001:00000730       _update_measured_hz        10001730 f   bfme60fps_time_scheduler.obj
 0001:00000790       _reset_time_scheduler@4    10001790 f   bfme60fps_time_scheduler.obj
 0001:000008f0       _engine_time_frozen        100018f0 f   bfme60fps_time_scheduler.obj
 0001:00000950       _hold_visual_phase         10001950 f   bfme60fps_time_scheduler.obj
 0001:000009e0       _advance_visual_time       100019e0 f   bfme60fps_time_scheduler.obj
 0001:00000be0       _complete_legacy_phases    10001be0 f   bfme60fps_time_scheduler.obj
 0001:00000c30       _schedule_time_tick@8      10001c30 f   bfme60fps_time_scheduler.obj
 0001:000010e0       _record_logic_update@0     100020e0 f   bfme60fps_time_scheduler.obj
 0001:00001150       _hook_floating_text        10002150 f   bfme60fps_time_scheduler.obj
 0001:00001280       _hook_scheduler_decision   10002280 f   bfme60fps_time_scheduler.obj
 0001:000013e0       _hook_reset_clock          100023e0 f   bfme60fps_time_scheduler.obj
 0001:000014f0       _hook_logic_update         100024f0 f   bfme60fps_time_scheduler.obj
 0001:000015f0       _install_time_scheduler    100025f0 f   bfme60fps_time_scheduler.obj
 0001:00001640       _write_scheduler_proof     10002640 f   bfme60fps_time_scheduler.obj
 0001:000016f0       _write_w3d_clock_proof     100026f0 f   bfme60fps_time_scheduler.obj
 0001:000017a0       _apply                     100027a0 f   bfme60fps_time_scheduler.obj
 0001:00001a10       _worker@4                  10002a10 f   bfme60fps_time_scheduler.obj
 0001:00001a70       _load                      10002a70 f   bfme60fps_time_scheduler.obj
 0001:00002003       __shift                    10003003 f   LIBCMT:cvt.obj
 0001:00002020       __cftoe2                   10003020 f   LIBCMT:cvt.obj
 0001:0000213a       __cftof2                   1000313a f   LIBCMT:cvt.obj
 0001:000024b7       _write_char                100034b7 f   LIBCMT:output.obj
 0001:000024ea       _write_multi_char          100034ea f   LIBCMT:output.obj
 0001:0000250e       _write_string              1000350e f   LIBCMT:output.obj
 0001:00002d81       __initterm                 10003d81 f   LIBCMT:crt0dat.obj
 0001:00002e03       _doexit                    10003e03 f   LIBCMT:crt0dat.obj
 0001:00003632       _parse_cmdline             10004632 f   LIBCMT:stdargv.obj
 0001:00003df1       $$$00003                   10004df1 f   LIBCMT:exsup3.obj
 0001:00004ad5       _report_failure            10005ad5 f   LIBCMT:secchk.obj
 0001:00004b89       __abstract_cw              10005b89 f   LIBCMT:ieee87.obj
 0001:00004c1b       __hw_cw                    10005c1b f   LIBCMT:ieee87.obj
 0001:000055b9       __onexit_lk                100065b9 f   LIBCMT:onexit.obj
 0001:0000577b       ___updatetlocinfo_lk       1000677b f   LIBCMT:setlocal.obj
 0001:00005877       _CPtoLCID                  10006877 f   LIBCMT:mbctype.obj
 0001:000058a6       _setSBCS                   100068a6 f   LIBCMT:mbctype.obj
 0001:000058cf       _setSBUpLow                100068cf f   LIBCMT:mbctype.obj
 0001:00005a5b       __setmbcp_lk               10006a5b f   LIBCMT:mbctype.obj
 0001:00006897       ___crtInitCritSecNoSpinCount@8 10007897 f   LIBCMT:initcrit.obj
 0001:00006c80       $$$00001                   10007c80 f   LIBCMT:exsup.obj
 0001:00006ca0       $$$00003                   10007ca0 f   LIBCMT:exsup.obj
 0001:00006ca0       __unwind_handler           10007ca0 f   LIBCMT:exsup.obj
 0001:00006cc2       $$$00005                   10007cc2 f   LIBCMT:exsup.obj
 0001:00006d2a       $$$00007                   10007d2a f   LIBCMT:exsup.obj
 0001:00006d6e       $$$00011                   10007d6e f   LIBCMT:exsup.obj
 0001:000083bf       _flsall                    100093bf f   LIBCMT:fflush.obj
 0001:00009740       _$$$00001                  1000a740 f   LIBCMT:strchr.obj
